******************************************************************************
                  MSP430 Linker PC v20.2.6                     
******************************************************************************
>> Linked Sat Jun 11 16:34:15 2022

OUTPUT FILE NAME:   <TimerDelay.out>
ENTRY POINT SYMBOL: "_c_int00_noargs"  address: 000021ce


MEMORY CONFIGURATION

         name            origin    length      used     unused   attr    fill
----------------------  --------  ---------  --------  --------  ----  --------
  SFR                   00000000   00000010  00000000  00000010  RWIX
  PERIPHERALS_8BIT      00000010   000000f0  00000000  000000f0  RWIX
  PERIPHERALS_16BIT     00000100   00000100  00000000  00000100  RWIX
  INFOD                 00001000   00000040  00000000  00000040  RWIX
  INFOC                 00001040   00000040  00000000  00000040  RWIX
  INFOB                 00001080   00000040  00000000  00000040  RWIX
  INFOA                 000010c0   00000040  00000000  00000040  RWIX
  RAM                   00001100   00001000  00000079  00000f87  RWIX
  FLASH                 00002100   0000debe  00000170  0000dd4e  RWIX
  BSLSIGNATURE          0000ffbe   00000002  00000002  00000000  RWIX  ffff 
  INT00                 0000ffc0   00000002  00000002  00000000  RWIX
  INT01                 0000ffc2   00000002  00000002  00000000  RWIX
  INT02                 0000ffc4   00000002  00000002  00000000  RWIX
  INT03                 0000ffc6   00000002  00000002  00000000  RWIX
  INT04                 0000ffc8   00000002  00000002  00000000  RWIX
  INT05                 0000ffca   00000002  00000002  00000000  RWIX
  INT06                 0000ffcc   00000002  00000002  00000000  RWIX
  INT07                 0000ffce   00000002  00000002  00000000  RWIX
  INT08                 0000ffd0   00000002  00000002  00000000  RWIX
  INT09                 0000ffd2   00000002  00000002  00000000  RWIX
  INT10                 0000ffd4   00000002  00000002  00000000  RWIX
  INT11                 0000ffd6   00000002  00000002  00000000  RWIX
  INT12                 0000ffd8   00000002  00000002  00000000  RWIX
  INT13                 0000ffda   00000002  00000002  00000000  RWIX
  INT14                 0000ffdc   00000002  00000002  00000000  RWIX
  INT15                 0000ffde   00000002  00000002  00000000  RWIX
  INT16                 0000ffe0   00000002  00000002  00000000  RWIX
  INT17                 0000ffe2   00000002  00000002  00000000  RWIX
  INT18                 0000ffe4   00000002  00000002  00000000  RWIX
  INT19                 0000ffe6   00000002  00000002  00000000  RWIX
  INT20                 0000ffe8   00000002  00000002  00000000  RWIX
  INT21                 0000ffea   00000002  00000002  00000000  RWIX
  INT22                 0000ffec   00000002  00000002  00000000  RWIX
  INT23                 0000ffee   00000002  00000002  00000000  RWIX
  INT24                 0000fff0   00000002  00000002  00000000  RWIX
  INT25                 0000fff2   00000002  00000002  00000000  RWIX
  INT26                 0000fff4   00000002  00000002  00000000  RWIX
  INT27                 0000fff6   00000002  00000002  00000000  RWIX
  INT28                 0000fff8   00000002  00000002  00000000  RWIX
  INT29                 0000fffa   00000002  00000002  00000000  RWIX
  INT30                 0000fffc   00000002  00000002  00000000  RWIX
  RESET                 0000fffe   00000002  00000002  00000000  RWIX
  FLASH2                00010000   00010000  0000133a  0000ecc6  RWIX


SECTION ALLOCATION MAP

 output                                  attributes/
section   page    origin      length       input sections
--------  ----  ----------  ----------   ----------------
.data      0    00001100    00000023     UNINITIALIZED
                  00001100    0000000c     main.obj (.data:hf_range)
                  0000110c    0000000c     main.obj (.data:lf_range)
                  00001118    0000000b     main.obj (.data)

.bss       0    00001124    00000006     UNINITIALIZED
                  00001124    00000004     (.common:f_range)
                  00001128    00000002     (.common:OFCount)

.stack     0    000020b0    00000050     UNINITIALIZED
                  000020b0    00000004     rts430x_lc_rd_eabi.lib : boot.c.obj (.stack)
                  000020b4    0000004c     --HOLE--

.text:_isr 
*          0    00002100    000000f2     
                  00002100    000000ce     main.obj (.text:_isr:Timer_A_CCR0_ISR)
                  000021ce    0000001c     rts430x_lc_rd_eabi.lib : boot.c.obj (.text:_isr:_c_int00_noargs)
                  000021ea    00000008                            : isr_trap.asm.obj (.text:_isr:__TI_ISR_TRAP)

.cinit     0    00002228    00000048     
                  00002228    00000026     (.cinit..data.load) [load image, compression = lzss]
                  0000224e    0000000c     (__TI_handler_table)
                  0000225a    00000006     (.cinit..bss.load) [load image, compression = zero_init]
                  00002260    00000010     (__TI_cinit_table)

.binit     0    00002100    00000000     

.init_array 
*          0    00002100    00000000     UNINITIALIZED

.const     0    000021f2    00000036     
                  000021f2    0000001e     main.obj (.const:.string)
                  00002210    00000014     rts430x_lc_rd_eabi.lib : _printfi_min.c.obj (.const:.string)
                  00002224    00000004     lcdLib.obj (.const:.string)

$fill000   0    0000ffbe    00000002     
                  0000ffbe    00000002     --HOLE-- [fill = ffff]

RESERVED0 
*          0    0000ffc0    00000002     
                  0000ffc0    00000002     rts430x_lc_rd_eabi.lib : int00.asm.obj (.int00)

RESERVED1 
*          0    0000ffc2    00000002     
                  0000ffc2    00000002     rts430x_lc_rd_eabi.lib : int01.asm.obj (.int01)

RESERVED2 
*          0    0000ffc4    00000002     
                  0000ffc4    00000002     rts430x_lc_rd_eabi.lib : int02.asm.obj (.int02)

RESERVED3 
*          0    0000ffc6    00000002     
                  0000ffc6    00000002     rts430x_lc_rd_eabi.lib : int03.asm.obj (.int03)

RESERVED4 
*          0    0000ffc8    00000002     
                  0000ffc8    00000002     rts430x_lc_rd_eabi.lib : int04.asm.obj (.int04)

RESERVED5 
*          0    0000ffca    00000002     
                  0000ffca    00000002     rts430x_lc_rd_eabi.lib : int05.asm.obj (.int05)

RESERVED6 
*          0    0000ffcc    00000002     
                  0000ffcc    00000002     rts430x_lc_rd_eabi.lib : int06.asm.obj (.int06)

RESERVED7 
*          0    0000ffce    00000002     
                  0000ffce    00000002     rts430x_lc_rd_eabi.lib : int07.asm.obj (.int07)

RESERVED8 
*          0    0000ffd0    00000002     
                  0000ffd0    00000002     rts430x_lc_rd_eabi.lib : int08.asm.obj (.int08)

RESERVED9 
*          0    0000ffd2    00000002     
                  0000ffd2    00000002     rts430x_lc_rd_eabi.lib : int09.asm.obj (.int09)

RESERVED10 
*          0    0000ffd4    00000002     
                  0000ffd4    00000002     rts430x_lc_rd_eabi.lib : int10.asm.obj (.int10)

RESERVED11 
*          0    0000ffd6    00000002     
                  0000ffd6    00000002     rts430x_lc_rd_eabi.lib : int11.asm.obj (.int11)

RESERVED12 
*          0    0000ffd8    00000002     
                  0000ffd8    00000002     rts430x_lc_rd_eabi.lib : int12.asm.obj (.int12)

RESERVED13 
*          0    0000ffda    00000002     
                  0000ffda    00000002     rts430x_lc_rd_eabi.lib : int13.asm.obj (.int13)

DAC12      0    0000ffdc    00000002     
                  0000ffdc    00000002     rts430x_lc_rd_eabi.lib : int14.asm.obj (.int14)

DMA        0    0000ffde    00000002     
                  0000ffde    00000002     rts430x_lc_rd_eabi.lib : int15.asm.obj (.int15)

USCIAB1TX 
*          0    0000ffe0    00000002     
                  0000ffe0    00000002     rts430x_lc_rd_eabi.lib : int16.asm.obj (.int16)

USCIAB1RX 
*          0    0000ffe2    00000002     
                  0000ffe2    00000002     rts430x_lc_rd_eabi.lib : int17.asm.obj (.int17)

PORT1      0    0000ffe4    00000002     
                  0000ffe4    00000002     rts430x_lc_rd_eabi.lib : int18.asm.obj (.int18)

PORT2      0    0000ffe6    00000002     
                  0000ffe6    00000002     rts430x_lc_rd_eabi.lib : int19.asm.obj (.int19)

RESERVED20 
*          0    0000ffe8    00000002     
                  0000ffe8    00000002     rts430x_lc_rd_eabi.lib : int20.asm.obj (.int20)

ADC12      0    0000ffea    00000002     
                  0000ffea    00000002     rts430x_lc_rd_eabi.lib : int21.asm.obj (.int21)

USCIAB0TX 
*          0    0000ffec    00000002     
                  0000ffec    00000002     rts430x_lc_rd_eabi.lib : int22.asm.obj (.int22)

USCIAB0RX 
*          0    0000ffee    00000002     
                  0000ffee    00000002     rts430x_lc_rd_eabi.lib : int23.asm.obj (.int23)

TIMERA1    0    0000fff0    00000002     
                  0000fff0    00000002     rts430x_lc_rd_eabi.lib : int24.asm.obj (.int24)

TIMERA0    0    0000fff2    00000002     
                  0000fff2    00000002     main.obj (.int25)

WDT        0    0000fff4    00000002     
                  0000fff4    00000002     rts430x_lc_rd_eabi.lib : int26.asm.obj (.int26)

COMPARATORA 
*          0    0000fff6    00000002     
                  0000fff6    00000002     rts430x_lc_rd_eabi.lib : int27.asm.obj (.int27)

TIMERB1    0    0000fff8    00000002     
                  0000fff8    00000002     rts430x_lc_rd_eabi.lib : int28.asm.obj (.int28)

TIMERB0    0    0000fffa    00000002     
                  0000fffa    00000002     rts430x_lc_rd_eabi.lib : int29.asm.obj (.int29)

NMI        0    0000fffc    00000002     
                  0000fffc    00000002     rts430x_lc_rd_eabi.lib : int30.asm.obj (.int30)

.reset     0    0000fffe    00000002     
                  0000fffe    00000002     rts430x_lc_rd_eabi.lib : boot.c.obj (.reset)

.text      0    00010000    0000133a     
                  00010000    0000072a     rts430x_lc_rd_eabi.lib : addd.c.obj (.text:__mspabi_addd)
                  0001072a    00000132                            : _printfi_min.c.obj (.text:_setfield)
                  0001085c    00000110     main.obj (.text:main)
                  0001096c    000000dc     rts430x_lc_rd_eabi.lib : _printfi_min.c.obj (.text:__TI_printfi_minimal)
                  00010a48    000000da                            : _printfi_min.c.obj (.text:_pproc_diouxp)
                  00010b22    000000b8                            : fs_mpy.asm.obj (.text)
                  00010bda    000000b2                            : cvtdf.c.obj (.text:__mspabi_cvtdf)
                  00010c8c    00000090                            : fs_div.asm.obj (.text)
                  00010d1c    0000008a     lcdLib.obj (.text:lcdInit)
                  00010da6    00000076     rts430x_lc_rd_eabi.lib : copy_decompress_lzss.c.obj (.text:decompress:lzss:__TI_decompress_lzss)
                  00010e1c    00000068                            : fs_toi.asm.obj (.text)
                  00010e84    00000064                            : cvtfd.c.obj (.text:__mspabi_cvtfd)
                  00010ee8    00000056     lcdLib.obj (.text:lcdSetText)
                  00010f3e    00000054     rts430x_lc_rd_eabi.lib : autoinit.c.obj (.text:__TI_auto_init_nobinit_nopinit_hold_wdt:__TI_auto_init_nobinit_nopinit_hold_wdt)
                  00010f92    0000004a                            : fs_cmp.asm.obj (.text)
                  00010fdc    00000048                            : _printfi_min.c.obj (.text:_pproc_str)
                  00011024    00000044                            : sprintf.c.obj (.text:sprintf)
                  00011068    00000042     lcdLib.obj (.text:lcdWriteCmd)
                  000110aa    00000042     lcdLib.obj (.text:lcdWriteData)
                  000110ec    00000040     rts430x_lc_rd_eabi.lib : asr64.c.obj (.text:__mspabi_srall)
                  0001112c    0000003e                            : asr32.asm.obj (.text:l_asr_const)
                  0001116a    0000003e                            : lsl32.asm.obj (.text:l_lsl_const)
                  000111a8    0000003a                            : lsl64.c.obj (.text:__mspabi_sllll)
                  000111e2    00000036     lcdLib.obj (.text:lcdSetInt)
                  00011218    00000026     rts430x_lc_rd_eabi.lib : memccpy.c.obj (.text:memccpy)
                  0001123e    00000024                            : copy_zero_init.c.obj (.text:decompress:ZI:__TI_zero_init_nomemset:__TI_zero_init_nomemset)
                  00011262    00000020                            : sprintf.c.obj (.text:_outs)
                  00011282    00000018                            : mult16_hw.asm.obj (.text)
                  0001129a    00000016                            : memset.c.obj (.text:memset)
                  000112b0    00000016                            : div16u.asm.obj (.text)
                  000112c6    00000014                            : sprintf.c.obj (.text:_outc)
                  000112da    00000014                            : memcpy.c.obj (.text:memcpy)
                  000112ee    00000012                            : copy_decompress_none.c.obj (.text:decompress:none:__TI_decompress_none)
                  00011300    00000012     main.obj (.text:initTimer_A)
                  00011312    0000000e     lcdLib.obj (.text:lcdTriggerEN)
                  00011320    0000000e     rts430x_lc_rd_eabi.lib : strlen.c.obj (.text:strlen)
                  0001132e    00000006                            : exit.c.obj (.text:abort)
                  00011334    00000004                            : pre_init.c.obj (.text:_system_pre_init)
                  00011338    00000002                            : startup.c.obj (.text:_system_post_cinit)

MODULE SUMMARY

       Module                       code   ro data   rw data
       ------                       ----   -------   -------
    .\
       main.obj                     496    32        41     
       lcdLib.obj                   424    4         0      
    +--+----------------------------+------+---------+---------+
       Total:                       920    36        41     
                                                            
    C:\ti\ccs1031\ccs\tools\compiler\ti-cgt-msp430_20.2.6.LTS\lib\rts430x_lc_rd_eabi.lib
       addd.c.obj                   1834   0         0      
       _printfi_min.c.obj           816    20        0      
       fs_mpy.asm.obj               184    0         0      
       cvtdf.c.obj                  178    0         0      
       fs_div.asm.obj               144    0         0      
       sprintf.c.obj                120    0         0      
       copy_decompress_lzss.c.obj   118    0         0      
       fs_toi.asm.obj               104    0         0      
       cvtfd.c.obj                  100    0         0      
       autoinit.c.obj               84     0         0      
       fs_cmp.asm.obj               74     0         0      
       asr64.c.obj                  64     0         0      
       asr32.asm.obj                62     0         0      
       lsl32.asm.obj                62     0         0      
       lsl64.c.obj                  58     0         0      
       memccpy.c.obj                38     0         0      
       copy_zero_init.c.obj         36     0         0      
       boot.c.obj                   28     2         0      
       mult16_hw.asm.obj            24     0         0      
       div16u.asm.obj               22     0         0      
       memset.c.obj                 22     0         0      
       memcpy.c.obj                 20     0         0      
       copy_decompress_none.c.obj   18     0         0      
       strlen.c.obj                 14     0         0      
       isr_trap.asm.obj             8      0         0      
       exit.c.obj                   6      0         0      
       pre_init.c.obj               4      0         0      
       int00.asm.obj                0      2         0      
       int01.asm.obj                0      2         0      
       int02.asm.obj                0      2         0      
       int03.asm.obj                0      2         0      
       int04.asm.obj                0      2         0      
       int05.asm.obj                0      2         0      
       int06.asm.obj                0      2         0      
       int07.asm.obj                0      2         0      
       int08.asm.obj                0      2         0      
       int09.asm.obj                0      2         0      
       int10.asm.obj                0      2         0      
       int11.asm.obj                0      2         0      
       int12.asm.obj                0      2         0      
       int13.asm.obj                0      2         0      
       int14.asm.obj                0      2         0      
       int15.asm.obj                0      2         0      
       int16.asm.obj                0      2         0      
       int17.asm.obj                0      2         0      
       int18.asm.obj                0      2         0      
       int19.asm.obj                0      2         0      
       int20.asm.obj                0      2         0      
       int21.asm.obj                0      2         0      
       int22.asm.obj                0      2         0      
       int23.asm.obj                0      2         0      
       int24.asm.obj                0      2         0      
       int26.asm.obj                0      2         0      
       int27.asm.obj                0      2         0      
       int28.asm.obj                0      2         0      
       int29.asm.obj                0      2         0      
       int30.asm.obj                0      2         0      
       startup.c.obj                2      0         0      
    +--+----------------------------+------+---------+---------+
       Total:                       4244   82        0      
                                                            
       Stack:                       0      0         80     
       Linker Generated:            0      72        0      
    +--+----------------------------+------+---------+---------+
       Grand Total:                 5164   190       121    


LINKER GENERATED COPY TABLES

__TI_cinit_table @ 00002260 records: 2, size/record: 8, table size: 16
	.data: load addr=00002228, load size=00000026 bytes, run addr=00001100, run size=00000023 bytes, compression=lzss
	.bss: load addr=0000225a, load size=00000006 bytes, run addr=00001124, run size=00000006 bytes, compression=zero_init


LINKER GENERATED HANDLER TABLE

__TI_handler_table @ 0000224e records: 3, size/record: 4, table size: 12
	index: 0, handler: __TI_zero_init
	index: 1, handler: __TI_decompress_lzss
	index: 2, handler: __TI_decompress_none


GLOBAL SYMBOLS: SORTED ALPHABETICALLY BY Name 

address   name                                   
-------   ----                                   
000001a0  ADC12CTL0                              
000001a2  ADC12CTL1                              
000001a6  ADC12IE                                
000001a4  ADC12IFG                               
000001a8  ADC12IV                                
00000080  ADC12MCTL0                             
00000081  ADC12MCTL1                             
0000008a  ADC12MCTL10                            
0000008b  ADC12MCTL11                            
0000008c  ADC12MCTL12                            
0000008d  ADC12MCTL13                            
0000008e  ADC12MCTL14                            
0000008f  ADC12MCTL15                            
00000082  ADC12MCTL2                             
00000083  ADC12MCTL3                             
00000084  ADC12MCTL4                             
00000085  ADC12MCTL5                             
00000086  ADC12MCTL6                             
00000087  ADC12MCTL7                             
00000088  ADC12MCTL8                             
00000089  ADC12MCTL9                             
00000140  ADC12MEM0                              
00000142  ADC12MEM1                              
00000154  ADC12MEM10                             
00000156  ADC12MEM11                             
00000158  ADC12MEM12                             
0000015a  ADC12MEM13                             
0000015c  ADC12MEM14                             
0000015e  ADC12MEM15                             
00000144  ADC12MEM2                              
00000146  ADC12MEM3                              
00000148  ADC12MEM4                              
0000014a  ADC12MEM5                              
0000014c  ADC12MEM6                              
0000014e  ADC12MEM7                              
00000150  ADC12MEM8                              
00000152  ADC12MEM9                              
00000057  BCSCTL1                                
00000058  BCSCTL2                                
00000053  BCSCTL3                                
0001132e  C$$EXIT                                
00000059  CACTL1                                 
0000005a  CACTL2                                 
000010fb  CALBC1_12MHZ                           
000010f9  CALBC1_16MHZ                           
000010ff  CALBC1_1MHZ                            
000010fd  CALBC1_8MHZ                            
000010fa  CALDCO_12MHZ                           
000010f8  CALDCO_16MHZ                           
000010fe  CALDCO_1MHZ                            
000010fc  CALDCO_8MHZ                            
0000005b  CAPD                                   
000001c0  DAC12_0CTL                             
000001c8  DAC12_0DAT                             
000001c2  DAC12_1CTL                             
000001ca  DAC12_1DAT                             
00000056  DCOCTL                                 
000001d0  DMA0CTL                                
000001d6  DMA0DA                                 
000001d6  DMA0DAL                                
000001d2  DMA0SA                                 
000001d2  DMA0SAL                                
000001da  DMA0SZ                                 
000001dc  DMA1CTL                                
000001e2  DMA1DA                                 
000001e2  DMA1DAL                                
000001de  DMA1SA                                 
000001de  DMA1SAL                                
000001e6  DMA1SZ                                 
000001e8  DMA2CTL                                
000001ee  DMA2DA                                 
000001ee  DMA2DAL                                
000001ea  DMA2SA                                 
000001ea  DMA2SAL                                
000001f2  DMA2SZ                                 
00000122  DMACTL0                                
00000124  DMACTL1                                
00000126  DMAIV                                  
00000128  FCTL1                                  
0000012a  FCTL2                                  
0000012c  FCTL3                                  
000001be  FCTL4                                  
00000000  IE1                                    
00000001  IE2                                    
00000002  IFG1                                   
00000003  IFG2                                   
00000134  MAC                                    
00000136  MACS                                   
00000130  MPY                                    
00000132  MPYS                                   
00001128  OFCount                                
00000138  OP2                                    
00000022  P1DIR                                  
00000025  P1IE                                   
00000024  P1IES                                  
00000023  P1IFG                                  
00000020  P1IN                                   
00000021  P1OUT                                  
00000027  P1REN                                  
00000026  P1SEL                                  
0000002a  P2DIR                                  
0000002d  P2IE                                   
0000002c  P2IES                                  
0000002b  P2IFG                                  
00000028  P2IN                                   
00000029  P2OUT                                  
0000002f  P2REN                                  
0000002e  P2SEL                                  
0000001a  P3DIR                                  
00000018  P3IN                                   
00000019  P3OUT                                  
00000010  P3REN                                  
0000001b  P3SEL                                  
0000001e  P4DIR                                  
0000001c  P4IN                                   
0000001d  P4OUT                                  
00000011  P4REN                                  
0000001f  P4SEL                                  
00000032  P5DIR                                  
00000030  P5IN                                   
00000031  P5OUT                                  
00000012  P5REN                                  
00000033  P5SEL                                  
00000036  P6DIR                                  
00000034  P6IN                                   
00000035  P6OUT                                  
00000013  P6REN                                  
00000037  P6SEL                                  
0000003c  P7DIR                                  
00000038  P7IN                                   
0000003a  P7OUT                                  
00000014  P7REN                                  
0000003e  P7SEL                                  
0000003d  P8DIR                                  
00000039  P8IN                                   
0000003b  P8OUT                                  
00000015  P8REN                                  
0000003f  P8SEL                                  
0000003c  PADIR                                  
00000038  PAIN                                   
0000003a  PAOUT                                  
00000014  PAREN                                  
0000003e  PASEL                                  
0000013c  RESHI                                  
0000013a  RESLO                                  
0000013e  SUMEXT                                 
00000055  SVSCTL                                 
00000172  TACCR0                                 
00000174  TACCR1                                 
00000176  TACCR2                                 
00000162  TACCTL0                                
00000164  TACCTL1                                
00000166  TACCTL2                                
00000160  TACTL                                  
0000012e  TAIV                                   
00000170  TAR                                    
00000192  TBCCR0                                 
00000194  TBCCR1                                 
00000196  TBCCR2                                 
00000198  TBCCR3                                 
0000019a  TBCCR4                                 
0000019c  TBCCR5                                 
0000019e  TBCCR6                                 
00000182  TBCCTL0                                
00000184  TBCCTL1                                
00000186  TBCCTL2                                
00000188  TBCCTL3                                
0000018a  TBCCTL4                                
0000018c  TBCCTL5                                
0000018e  TBCCTL6                                
00000180  TBCTL                                  
0000011e  TBIV                                   
00000190  TBR                                    
000010db  TLV_ADC12_1_LEN                        
000010da  TLV_ADC12_1_TAG                        
000010c0  TLV_CHECKSUM                           
000010f7  TLV_DCO_30_LEN                         
000010f6  TLV_DCO_30_TAG                         
00002100  Timer_A_CCR0_ISR                       
00000006  UC1IE                                  
00000007  UC1IFG                                 
0000005d  UCA0ABCTL                              
00000062  UCA0BR0                                
00000063  UCA0BR1                                
00000060  UCA0CTL0                               
00000061  UCA0CTL1                               
0000005f  UCA0IRRCTL                             
0000005e  UCA0IRTCTL                             
00000064  UCA0MCTL                               
00000066  UCA0RXBUF                              
00000065  UCA0STAT                               
00000067  UCA0TXBUF                              
000000cd  UCA1ABCTL                              
000000d2  UCA1BR0                                
000000d3  UCA1BR1                                
000000d0  UCA1CTL0                               
000000d1  UCA1CTL1                               
000000cf  UCA1IRRCTL                             
000000ce  UCA1IRTCTL                             
000000d4  UCA1MCTL                               
000000d6  UCA1RXBUF                              
000000d5  UCA1STAT                               
000000d7  UCA1TXBUF                              
0000006a  UCB0BR0                                
0000006b  UCB0BR1                                
00000068  UCB0CTL0                               
00000069  UCB0CTL1                               
0000006c  UCB0I2CIE                              
00000118  UCB0I2COA                              
0000011a  UCB0I2CSA                              
0000006e  UCB0RXBUF                              
0000006d  UCB0STAT                               
0000006f  UCB0TXBUF                              
000000da  UCB1BR0                                
000000db  UCB1BR1                                
000000d8  UCB1CTL0                               
000000d9  UCB1CTL1                               
000000dc  UCB1I2CIE                              
0000017c  UCB1I2COA                              
0000017e  UCB1I2CSA                              
000000de  UCB1RXBUF                              
000000dd  UCB1STAT                               
000000df  UCB1TXBUF                              
00000120  WDTCTL                                 
00002100  __STACK_END                            
00000050  __STACK_SIZE                           
00002260  __TI_CINIT_Base                        
00002270  __TI_CINIT_Limit                       
0000224e  __TI_Handler_Table_Base                
0000225a  __TI_Handler_Table_Limit               
000021ea  __TI_ISR_TRAP                          
00010f3e  __TI_auto_init_nobinit_nopinit_hold_wdt
00010da6  __TI_decompress_lzss                   
000112ee  __TI_decompress_none                   
0000ffc0  __TI_int00                             
0000ffc2  __TI_int01                             
0000ffc4  __TI_int02                             
0000ffc6  __TI_int03                             
0000ffc8  __TI_int04                             
0000ffca  __TI_int05                             
0000ffcc  __TI_int06                             
0000ffce  __TI_int07                             
0000ffd0  __TI_int08                             
0000ffd2  __TI_int09                             
0000ffd4  __TI_int10                             
0000ffd6  __TI_int11                             
0000ffd8  __TI_int12                             
0000ffda  __TI_int13                             
0000ffdc  __TI_int14                             
0000ffde  __TI_int15                             
0000ffe0  __TI_int16                             
0000ffe2  __TI_int17                             
0000ffe4  __TI_int18                             
0000ffe6  __TI_int19                             
0000ffe8  __TI_int20                             
0000ffea  __TI_int21                             
0000ffec  __TI_int22                             
0000ffee  __TI_int23                             
0000fff0  __TI_int24                             
0000fff2  __TI_int25                             
0000fff4  __TI_int26                             
0000fff6  __TI_int27                             
0000fff8  __TI_int28                             
0000fffa  __TI_int29                             
0000fffc  __TI_int30                             
ffffffff  __TI_pprof_out_hndl                    
0001096c  __TI_printfi_minimal                   
ffffffff  __TI_prof_data_size                    
ffffffff  __TI_prof_data_start                   
0001123e  __TI_zero_init_nomemset                
ffffffff  __c_args__                             
00010000  __mspabi_addd                          
00010f92  __mspabi_cmpf                          
00010bda  __mspabi_cvtdf                         
00010e84  __mspabi_cvtfd                         
00010c8c  __mspabi_divf                          
000112b0  __mspabi_divu                          
00010e1c  __mspabi_fixfi                         
00010b22  __mspabi_mpyf                          
00011282  __mspabi_mpyi_hw                       
000112b0  __mspabi_remu                          
000111a2  __mspabi_slll_1                        
0001117e  __mspabi_slll_10                       
0001117a  __mspabi_slll_11                       
00011176  __mspabi_slll_12                       
00011172  __mspabi_slll_13                       
0001116e  __mspabi_slll_14                       
0001116a  __mspabi_slll_15                       
0001119e  __mspabi_slll_2                        
0001119a  __mspabi_slll_3                        
00011196  __mspabi_slll_4                        
00011192  __mspabi_slll_5                        
0001118e  __mspabi_slll_6                        
0001118a  __mspabi_slll_7                        
00011186  __mspabi_slll_8                        
00011182  __mspabi_slll_9                        
000111a8  __mspabi_sllll                         
00011164  __mspabi_sral_1                        
00011140  __mspabi_sral_10                       
0001113c  __mspabi_sral_11                       
00011138  __mspabi_sral_12                       
00011134  __mspabi_sral_13                       
00011130  __mspabi_sral_14                       
0001112c  __mspabi_sral_15                       
00011160  __mspabi_sral_2                        
0001115c  __mspabi_sral_3                        
00011158  __mspabi_sral_4                        
00011154  __mspabi_sral_5                        
00011150  __mspabi_sral_6                        
0001114c  __mspabi_sral_7                        
00011148  __mspabi_sral_8                        
00011144  __mspabi_sral_9                        
000110ec  __mspabi_srall                         
000021ce  _c_int00_noargs                        
0000fffe  _reset_vector                          
000020b0  _stack                                 
00011338  _system_post_cinit                     
00011334  _system_pre_init                       
0000111c  a_freq                                 
0001132e  abort                                  
00001120  count                                  
00001124  f_range                                
00001100  hf_range                               
00011300  initTimer_A                            
00010d1c  lcdInit                                
000111e2  lcdSetInt                              
00010ee8  lcdSetText                             
00011312  lcdTriggerEN                           
00011068  lcdWriteCmd                            
000110aa  lcdWriteData                           
0000110c  lf_range                               
0001085c  main                                   
00011218  memccpy                                
000112da  memcpy                                 
0001129a  memset                                 
0000111a  p_count                                
00011024  sprintf                                
00011320  strlen                                 
00001122  timercase                              
00001118  timervalue                             


GLOBAL SYMBOLS: SORTED BY Symbol Address 

address   name                                   
-------   ----                                   
00000000  IE1                                    
00000001  IE2                                    
00000002  IFG1                                   
00000003  IFG2                                   
00000006  UC1IE                                  
00000007  UC1IFG                                 
00000010  P3REN                                  
00000011  P4REN                                  
00000012  P5REN                                  
00000013  P6REN                                  
00000014  P7REN                                  
00000014  PAREN                                  
00000015  P8REN                                  
00000018  P3IN                                   
00000019  P3OUT                                  
0000001a  P3DIR                                  
0000001b  P3SEL                                  
0000001c  P4IN                                   
0000001d  P4OUT                                  
0000001e  P4DIR                                  
0000001f  P4SEL                                  
00000020  P1IN                                   
00000021  P1OUT                                  
00000022  P1DIR                                  
00000023  P1IFG                                  
00000024  P1IES                                  
00000025  P1IE                                   
00000026  P1SEL                                  
00000027  P1REN                                  
00000028  P2IN                                   
00000029  P2OUT                                  
0000002a  P2DIR                                  
0000002b  P2IFG                                  
0000002c  P2IES                                  
0000002d  P2IE                                   
0000002e  P2SEL                                  
0000002f  P2REN                                  
00000030  P5IN                                   
00000031  P5OUT                                  
00000032  P5DIR                                  
00000033  P5SEL                                  
00000034  P6IN                                   
00000035  P6OUT                                  
00000036  P6DIR                                  
00000037  P6SEL                                  
00000038  P7IN                                   
00000038  PAIN                                   
00000039  P8IN                                   
0000003a  P7OUT                                  
0000003a  PAOUT                                  
0000003b  P8OUT                                  
0000003c  P7DIR                                  
0000003c  PADIR                                  
0000003d  P8DIR                                  
0000003e  P7SEL                                  
0000003e  PASEL                                  
0000003f  P8SEL                                  
00000050  __STACK_SIZE                           
00000053  BCSCTL3                                
00000055  SVSCTL                                 
00000056  DCOCTL                                 
00000057  BCSCTL1                                
00000058  BCSCTL2                                
00000059  CACTL1                                 
0000005a  CACTL2                                 
0000005b  CAPD                                   
0000005d  UCA0ABCTL                              
0000005e  UCA0IRTCTL                             
0000005f  UCA0IRRCTL                             
00000060  UCA0CTL0                               
00000061  UCA0CTL1                               
00000062  UCA0BR0                                
00000063  UCA0BR1                                
00000064  UCA0MCTL                               
00000065  UCA0STAT                               
00000066  UCA0RXBUF                              
00000067  UCA0TXBUF                              
00000068  UCB0CTL0                               
00000069  UCB0CTL1                               
0000006a  UCB0BR0                                
0000006b  UCB0BR1                                
0000006c  UCB0I2CIE                              
0000006d  UCB0STAT                               
0000006e  UCB0RXBUF                              
0000006f  UCB0TXBUF                              
00000080  ADC12MCTL0                             
00000081  ADC12MCTL1                             
00000082  ADC12MCTL2                             
00000083  ADC12MCTL3                             
00000084  ADC12MCTL4                             
00000085  ADC12MCTL5                             
00000086  ADC12MCTL6                             
00000087  ADC12MCTL7                             
00000088  ADC12MCTL8                             
00000089  ADC12MCTL9                             
0000008a  ADC12MCTL10                            
0000008b  ADC12MCTL11                            
0000008c  ADC12MCTL12                            
0000008d  ADC12MCTL13                            
0000008e  ADC12MCTL14                            
0000008f  ADC12MCTL15                            
000000cd  UCA1ABCTL                              
000000ce  UCA1IRTCTL                             
000000cf  UCA1IRRCTL                             
000000d0  UCA1CTL0                               
000000d1  UCA1CTL1                               
000000d2  UCA1BR0                                
000000d3  UCA1BR1                                
000000d4  UCA1MCTL                               
000000d5  UCA1STAT                               
000000d6  UCA1RXBUF                              
000000d7  UCA1TXBUF                              
000000d8  UCB1CTL0                               
000000d9  UCB1CTL1                               
000000da  UCB1BR0                                
000000db  UCB1BR1                                
000000dc  UCB1I2CIE                              
000000dd  UCB1STAT                               
000000de  UCB1RXBUF                              
000000df  UCB1TXBUF                              
00000118  UCB0I2COA                              
0000011a  UCB0I2CSA                              
0000011e  TBIV                                   
00000120  WDTCTL                                 
00000122  DMACTL0                                
00000124  DMACTL1                                
00000126  DMAIV                                  
00000128  FCTL1                                  
0000012a  FCTL2                                  
0000012c  FCTL3                                  
0000012e  TAIV                                   
00000130  MPY                                    
00000132  MPYS                                   
00000134  MAC                                    
00000136  MACS                                   
00000138  OP2                                    
0000013a  RESLO                                  
0000013c  RESHI                                  
0000013e  SUMEXT                                 
00000140  ADC12MEM0                              
00000142  ADC12MEM1                              
00000144  ADC12MEM2                              
00000146  ADC12MEM3                              
00000148  ADC12MEM4                              
0000014a  ADC12MEM5                              
0000014c  ADC12MEM6                              
0000014e  ADC12MEM7                              
00000150  ADC12MEM8                              
00000152  ADC12MEM9                              
00000154  ADC12MEM10                             
00000156  ADC12MEM11                             
00000158  ADC12MEM12                             
0000015a  ADC12MEM13                             
0000015c  ADC12MEM14                             
0000015e  ADC12MEM15                             
00000160  TACTL                                  
00000162  TACCTL0                                
00000164  TACCTL1                                
00000166  TACCTL2                                
00000170  TAR                                    
00000172  TACCR0                                 
00000174  TACCR1                                 
00000176  TACCR2                                 
0000017c  UCB1I2COA                              
0000017e  UCB1I2CSA                              
00000180  TBCTL                                  
00000182  TBCCTL0                                
00000184  TBCCTL1                                
00000186  TBCCTL2                                
00000188  TBCCTL3                                
0000018a  TBCCTL4                                
0000018c  TBCCTL5                                
0000018e  TBCCTL6                                
00000190  TBR                                    
00000192  TBCCR0                                 
00000194  TBCCR1                                 
00000196  TBCCR2                                 
00000198  TBCCR3                                 
0000019a  TBCCR4                                 
0000019c  TBCCR5                                 
0000019e  TBCCR6                                 
000001a0  ADC12CTL0                              
000001a2  ADC12CTL1                              
000001a4  ADC12IFG                               
000001a6  ADC12IE                                
000001a8  ADC12IV                                
000001be  FCTL4                                  
000001c0  DAC12_0CTL                             
000001c2  DAC12_1CTL                             
000001c8  DAC12_0DAT                             
000001ca  DAC12_1DAT                             
000001d0  DMA0CTL                                
000001d2  DMA0SA                                 
000001d2  DMA0SAL                                
000001d6  DMA0DA                                 
000001d6  DMA0DAL                                
000001da  DMA0SZ                                 
000001dc  DMA1CTL                                
000001de  DMA1SA                                 
000001de  DMA1SAL                                
000001e2  DMA1DA                                 
000001e2  DMA1DAL                                
000001e6  DMA1SZ                                 
000001e8  DMA2CTL                                
000001ea  DMA2SA                                 
000001ea  DMA2SAL                                
000001ee  DMA2DA                                 
000001ee  DMA2DAL                                
000001f2  DMA2SZ                                 
000010c0  TLV_CHECKSUM                           
000010da  TLV_ADC12_1_TAG                        
000010db  TLV_ADC12_1_LEN                        
000010f6  TLV_DCO_30_TAG                         
000010f7  TLV_DCO_30_LEN                         
000010f8  CALDCO_16MHZ                           
000010f9  CALBC1_16MHZ                           
000010fa  CALDCO_12MHZ                           
000010fb  CALBC1_12MHZ                           
000010fc  CALDCO_8MHZ                            
000010fd  CALBC1_8MHZ                            
000010fe  CALDCO_1MHZ                            
000010ff  CALBC1_1MHZ                            
00001100  hf_range                               
0000110c  lf_range                               
00001118  timervalue                             
0000111a  p_count                                
0000111c  a_freq                                 
00001120  count                                  
00001122  timercase                              
00001124  f_range                                
00001128  OFCount                                
000020b0  _stack                                 
00002100  Timer_A_CCR0_ISR                       
00002100  __STACK_END                            
000021ce  _c_int00_noargs                        
000021ea  __TI_ISR_TRAP                          
0000224e  __TI_Handler_Table_Base                
0000225a  __TI_Handler_Table_Limit               
00002260  __TI_CINIT_Base                        
00002270  __TI_CINIT_Limit                       
0000ffc0  __TI_int00                             
0000ffc2  __TI_int01                             
0000ffc4  __TI_int02                             
0000ffc6  __TI_int03                             
0000ffc8  __TI_int04                             
0000ffca  __TI_int05                             
0000ffcc  __TI_int06                             
0000ffce  __TI_int07                             
0000ffd0  __TI_int08                             
0000ffd2  __TI_int09                             
0000ffd4  __TI_int10                             
0000ffd6  __TI_int11                             
0000ffd8  __TI_int12                             
0000ffda  __TI_int13                             
0000ffdc  __TI_int14                             
0000ffde  __TI_int15                             
0000ffe0  __TI_int16                             
0000ffe2  __TI_int17                             
0000ffe4  __TI_int18                             
0000ffe6  __TI_int19                             
0000ffe8  __TI_int20                             
0000ffea  __TI_int21                             
0000ffec  __TI_int22                             
0000ffee  __TI_int23                             
0000fff0  __TI_int24                             
0000fff2  __TI_int25                             
0000fff4  __TI_int26                             
0000fff6  __TI_int27                             
0000fff8  __TI_int28                             
0000fffa  __TI_int29                             
0000fffc  __TI_int30                             
0000fffe  _reset_vector                          
00010000  __mspabi_addd                          
0001085c  main                                   
0001096c  __TI_printfi_minimal                   
00010b22  __mspabi_mpyf                          
00010bda  __mspabi_cvtdf                         
00010c8c  __mspabi_divf                          
00010d1c  lcdInit                                
00010da6  __TI_decompress_lzss                   
00010e1c  __mspabi_fixfi                         
00010e84  __mspabi_cvtfd                         
00010ee8  lcdSetText                             
00010f3e  __TI_auto_init_nobinit_nopinit_hold_wdt
00010f92  __mspabi_cmpf                          
00011024  sprintf                                
00011068  lcdWriteCmd                            
000110aa  lcdWriteData                           
000110ec  __mspabi_srall                         
0001112c  __mspabi_sral_15                       
00011130  __mspabi_sral_14                       
00011134  __mspabi_sral_13                       
00011138  __mspabi_sral_12                       
0001113c  __mspabi_sral_11                       
00011140  __mspabi_sral_10                       
00011144  __mspabi_sral_9                        
00011148  __mspabi_sral_8                        
0001114c  __mspabi_sral_7                        
00011150  __mspabi_sral_6                        
00011154  __mspabi_sral_5                        
00011158  __mspabi_sral_4                        
0001115c  __mspabi_sral_3                        
00011160  __mspabi_sral_2                        
00011164  __mspabi_sral_1                        
0001116a  __mspabi_slll_15                       
0001116e  __mspabi_slll_14                       
00011172  __mspabi_slll_13                       
00011176  __mspabi_slll_12                       
0001117a  __mspabi_slll_11                       
0001117e  __mspabi_slll_10                       
00011182  __mspabi_slll_9                        
00011186  __mspabi_slll_8                        
0001118a  __mspabi_slll_7                        
0001118e  __mspabi_slll_6                        
00011192  __mspabi_slll_5                        
00011196  __mspabi_slll_4                        
0001119a  __mspabi_slll_3                        
0001119e  __mspabi_slll_2                        
000111a2  __mspabi_slll_1                        
000111a8  __mspabi_sllll                         
000111e2  lcdSetInt                              
00011218  memccpy                                
0001123e  __TI_zero_init_nomemset                
00011282  __mspabi_mpyi_hw                       
0001129a  memset                                 
000112b0  __mspabi_divu                          
000112b0  __mspabi_remu                          
000112da  memcpy                                 
000112ee  __TI_decompress_none                   
00011300  initTimer_A                            
00011312  lcdTriggerEN                           
00011320  strlen                                 
0001132e  C$$EXIT                                
0001132e  abort                                  
00011334  _system_pre_init                       
00011338  _system_post_cinit                     
ffffffff  __TI_pprof_out_hndl                    
ffffffff  __TI_prof_data_size                    
ffffffff  __TI_prof_data_start                   
ffffffff  __c_args__                             

[340 symbols]
