<?xml version="1.0" encoding="ISO-8859-1" ?>
<link_info>
   <banner>MSP430 Linker PC v20.2.6.LTS</banner>
   <copyright>Copyright (c) 2003-2018 Texas Instruments Incorporated</copyright>
   <link_time>0x62a4a7e7</link_time>
   <link_errors>0x0</link_errors>
   <output_file>TimerDelay.out</output_file>
   <entry_point>
      <name>_c_int00_noargs</name>
      <address>0x21ce</address>
   </entry_point>
   <input_file_list>
      <input_file id="fl-2">
         <path>.\</path>
         <kind>object</kind>
         <file>lcdLib.obj</file>
         <name>lcdLib.obj</name>
      </input_file>
      <input_file id="fl-3">
         <path>.\</path>
         <kind>object</kind>
         <file>main.obj</file>
         <name>main.obj</name>
      </input_file>
      <input_file id="fl-8">
         <kind>object</kind>
         <file>&lt;internal&gt;</file>
         <name>&lt;internal&gt;</name>
      </input_file>
      <input_file id="fl-1e">
         <path>C:\ti\ccs1031\ccs\tools\compiler\ti-cgt-msp430_20.2.6.LTS\lib\</path>
         <kind>archive</kind>
         <file>rts430x_lc_rd_eabi.lib</file>
         <name>sprintf.c.obj</name>
      </input_file>
      <input_file id="fl-1f">
         <path>C:\ti\ccs1031\ccs\tools\compiler\ti-cgt-msp430_20.2.6.LTS\lib\</path>
         <kind>archive</kind>
         <file>rts430x_lc_rd_eabi.lib</file>
         <name>fs_cmp.asm.obj</name>
      </input_file>
      <input_file id="fl-20">
         <path>C:\ti\ccs1031\ccs\tools\compiler\ti-cgt-msp430_20.2.6.LTS\lib\</path>
         <kind>archive</kind>
         <file>rts430x_lc_rd_eabi.lib</file>
         <name>fs_div.asm.obj</name>
      </input_file>
      <input_file id="fl-21">
         <path>C:\ti\ccs1031\ccs\tools\compiler\ti-cgt-msp430_20.2.6.LTS\lib\</path>
         <kind>archive</kind>
         <file>rts430x_lc_rd_eabi.lib</file>
         <name>fs_mpy.asm.obj</name>
      </input_file>
      <input_file id="fl-22">
         <path>C:\ti\ccs1031\ccs\tools\compiler\ti-cgt-msp430_20.2.6.LTS\lib\</path>
         <kind>archive</kind>
         <file>rts430x_lc_rd_eabi.lib</file>
         <name>fs_toi.asm.obj</name>
      </input_file>
      <input_file id="fl-23">
         <path>C:\ti\ccs1031\ccs\tools\compiler\ti-cgt-msp430_20.2.6.LTS\lib\</path>
         <kind>archive</kind>
         <file>rts430x_lc_rd_eabi.lib</file>
         <name>int00.asm.obj</name>
      </input_file>
      <input_file id="fl-24">
         <path>C:\ti\ccs1031\ccs\tools\compiler\ti-cgt-msp430_20.2.6.LTS\lib\</path>
         <kind>archive</kind>
         <file>rts430x_lc_rd_eabi.lib</file>
         <name>int01.asm.obj</name>
      </input_file>
      <input_file id="fl-25">
         <path>C:\ti\ccs1031\ccs\tools\compiler\ti-cgt-msp430_20.2.6.LTS\lib\</path>
         <kind>archive</kind>
         <file>rts430x_lc_rd_eabi.lib</file>
         <name>int02.asm.obj</name>
      </input_file>
      <input_file id="fl-26">
         <path>C:\ti\ccs1031\ccs\tools\compiler\ti-cgt-msp430_20.2.6.LTS\lib\</path>
         <kind>archive</kind>
         <file>rts430x_lc_rd_eabi.lib</file>
         <name>int03.asm.obj</name>
      </input_file>
      <input_file id="fl-27">
         <path>C:\ti\ccs1031\ccs\tools\compiler\ti-cgt-msp430_20.2.6.LTS\lib\</path>
         <kind>archive</kind>
         <file>rts430x_lc_rd_eabi.lib</file>
         <name>int04.asm.obj</name>
      </input_file>
      <input_file id="fl-28">
         <path>C:\ti\ccs1031\ccs\tools\compiler\ti-cgt-msp430_20.2.6.LTS\lib\</path>
         <kind>archive</kind>
         <file>rts430x_lc_rd_eabi.lib</file>
         <name>int05.asm.obj</name>
      </input_file>
      <input_file id="fl-29">
         <path>C:\ti\ccs1031\ccs\tools\compiler\ti-cgt-msp430_20.2.6.LTS\lib\</path>
         <kind>archive</kind>
         <file>rts430x_lc_rd_eabi.lib</file>
         <name>int06.asm.obj</name>
      </input_file>
      <input_file id="fl-2a">
         <path>C:\ti\ccs1031\ccs\tools\compiler\ti-cgt-msp430_20.2.6.LTS\lib\</path>
         <kind>archive</kind>
         <file>rts430x_lc_rd_eabi.lib</file>
         <name>int07.asm.obj</name>
      </input_file>
      <input_file id="fl-2b">
         <path>C:\ti\ccs1031\ccs\tools\compiler\ti-cgt-msp430_20.2.6.LTS\lib\</path>
         <kind>archive</kind>
         <file>rts430x_lc_rd_eabi.lib</file>
         <name>int08.asm.obj</name>
      </input_file>
      <input_file id="fl-2c">
         <path>C:\ti\ccs1031\ccs\tools\compiler\ti-cgt-msp430_20.2.6.LTS\lib\</path>
         <kind>archive</kind>
         <file>rts430x_lc_rd_eabi.lib</file>
         <name>int09.asm.obj</name>
      </input_file>
      <input_file id="fl-2d">
         <path>C:\ti\ccs1031\ccs\tools\compiler\ti-cgt-msp430_20.2.6.LTS\lib\</path>
         <kind>archive</kind>
         <file>rts430x_lc_rd_eabi.lib</file>
         <name>int10.asm.obj</name>
      </input_file>
      <input_file id="fl-2e">
         <path>C:\ti\ccs1031\ccs\tools\compiler\ti-cgt-msp430_20.2.6.LTS\lib\</path>
         <kind>archive</kind>
         <file>rts430x_lc_rd_eabi.lib</file>
         <name>int11.asm.obj</name>
      </input_file>
      <input_file id="fl-2f">
         <path>C:\ti\ccs1031\ccs\tools\compiler\ti-cgt-msp430_20.2.6.LTS\lib\</path>
         <kind>archive</kind>
         <file>rts430x_lc_rd_eabi.lib</file>
         <name>int12.asm.obj</name>
      </input_file>
      <input_file id="fl-30">
         <path>C:\ti\ccs1031\ccs\tools\compiler\ti-cgt-msp430_20.2.6.LTS\lib\</path>
         <kind>archive</kind>
         <file>rts430x_lc_rd_eabi.lib</file>
         <name>int13.asm.obj</name>
      </input_file>
      <input_file id="fl-31">
         <path>C:\ti\ccs1031\ccs\tools\compiler\ti-cgt-msp430_20.2.6.LTS\lib\</path>
         <kind>archive</kind>
         <file>rts430x_lc_rd_eabi.lib</file>
         <name>int14.asm.obj</name>
      </input_file>
      <input_file id="fl-32">
         <path>C:\ti\ccs1031\ccs\tools\compiler\ti-cgt-msp430_20.2.6.LTS\lib\</path>
         <kind>archive</kind>
         <file>rts430x_lc_rd_eabi.lib</file>
         <name>int15.asm.obj</name>
      </input_file>
      <input_file id="fl-33">
         <path>C:\ti\ccs1031\ccs\tools\compiler\ti-cgt-msp430_20.2.6.LTS\lib\</path>
         <kind>archive</kind>
         <file>rts430x_lc_rd_eabi.lib</file>
         <name>int16.asm.obj</name>
      </input_file>
      <input_file id="fl-34">
         <path>C:\ti\ccs1031\ccs\tools\compiler\ti-cgt-msp430_20.2.6.LTS\lib\</path>
         <kind>archive</kind>
         <file>rts430x_lc_rd_eabi.lib</file>
         <name>int17.asm.obj</name>
      </input_file>
      <input_file id="fl-35">
         <path>C:\ti\ccs1031\ccs\tools\compiler\ti-cgt-msp430_20.2.6.LTS\lib\</path>
         <kind>archive</kind>
         <file>rts430x_lc_rd_eabi.lib</file>
         <name>int18.asm.obj</name>
      </input_file>
      <input_file id="fl-36">
         <path>C:\ti\ccs1031\ccs\tools\compiler\ti-cgt-msp430_20.2.6.LTS\lib\</path>
         <kind>archive</kind>
         <file>rts430x_lc_rd_eabi.lib</file>
         <name>int19.asm.obj</name>
      </input_file>
      <input_file id="fl-37">
         <path>C:\ti\ccs1031\ccs\tools\compiler\ti-cgt-msp430_20.2.6.LTS\lib\</path>
         <kind>archive</kind>
         <file>rts430x_lc_rd_eabi.lib</file>
         <name>int20.asm.obj</name>
      </input_file>
      <input_file id="fl-38">
         <path>C:\ti\ccs1031\ccs\tools\compiler\ti-cgt-msp430_20.2.6.LTS\lib\</path>
         <kind>archive</kind>
         <file>rts430x_lc_rd_eabi.lib</file>
         <name>int21.asm.obj</name>
      </input_file>
      <input_file id="fl-39">
         <path>C:\ti\ccs1031\ccs\tools\compiler\ti-cgt-msp430_20.2.6.LTS\lib\</path>
         <kind>archive</kind>
         <file>rts430x_lc_rd_eabi.lib</file>
         <name>int22.asm.obj</name>
      </input_file>
      <input_file id="fl-3a">
         <path>C:\ti\ccs1031\ccs\tools\compiler\ti-cgt-msp430_20.2.6.LTS\lib\</path>
         <kind>archive</kind>
         <file>rts430x_lc_rd_eabi.lib</file>
         <name>int23.asm.obj</name>
      </input_file>
      <input_file id="fl-3b">
         <path>C:\ti\ccs1031\ccs\tools\compiler\ti-cgt-msp430_20.2.6.LTS\lib\</path>
         <kind>archive</kind>
         <file>rts430x_lc_rd_eabi.lib</file>
         <name>int24.asm.obj</name>
      </input_file>
      <input_file id="fl-3c">
         <path>C:\ti\ccs1031\ccs\tools\compiler\ti-cgt-msp430_20.2.6.LTS\lib\</path>
         <kind>archive</kind>
         <file>rts430x_lc_rd_eabi.lib</file>
         <name>int26.asm.obj</name>
      </input_file>
      <input_file id="fl-3d">
         <path>C:\ti\ccs1031\ccs\tools\compiler\ti-cgt-msp430_20.2.6.LTS\lib\</path>
         <kind>archive</kind>
         <file>rts430x_lc_rd_eabi.lib</file>
         <name>int27.asm.obj</name>
      </input_file>
      <input_file id="fl-3e">
         <path>C:\ti\ccs1031\ccs\tools\compiler\ti-cgt-msp430_20.2.6.LTS\lib\</path>
         <kind>archive</kind>
         <file>rts430x_lc_rd_eabi.lib</file>
         <name>int28.asm.obj</name>
      </input_file>
      <input_file id="fl-3f">
         <path>C:\ti\ccs1031\ccs\tools\compiler\ti-cgt-msp430_20.2.6.LTS\lib\</path>
         <kind>archive</kind>
         <file>rts430x_lc_rd_eabi.lib</file>
         <name>int29.asm.obj</name>
      </input_file>
      <input_file id="fl-40">
         <path>C:\ti\ccs1031\ccs\tools\compiler\ti-cgt-msp430_20.2.6.LTS\lib\</path>
         <kind>archive</kind>
         <file>rts430x_lc_rd_eabi.lib</file>
         <name>int30.asm.obj</name>
      </input_file>
      <input_file id="fl-41">
         <path>C:\ti\ccs1031\ccs\tools\compiler\ti-cgt-msp430_20.2.6.LTS\lib\</path>
         <kind>archive</kind>
         <file>rts430x_lc_rd_eabi.lib</file>
         <name>isr_trap.asm.obj</name>
      </input_file>
      <input_file id="fl-42">
         <path>C:\ti\ccs1031\ccs\tools\compiler\ti-cgt-msp430_20.2.6.LTS\lib\</path>
         <kind>archive</kind>
         <file>rts430x_lc_rd_eabi.lib</file>
         <name>mult16_hw.asm.obj</name>
      </input_file>
      <input_file id="fl-43">
         <path>C:\ti\ccs1031\ccs\tools\compiler\ti-cgt-msp430_20.2.6.LTS\lib\</path>
         <kind>archive</kind>
         <file>rts430x_lc_rd_eabi.lib</file>
         <name>mult1632_hw.asm.obj</name>
      </input_file>
      <input_file id="fl-44">
         <path>C:\ti\ccs1031\ccs\tools\compiler\ti-cgt-msp430_20.2.6.LTS\lib\</path>
         <kind>archive</kind>
         <file>rts430x_lc_rd_eabi.lib</file>
         <name>mult32_hw.asm.obj</name>
      </input_file>
      <input_file id="fl-45">
         <path>C:\ti\ccs1031\ccs\tools\compiler\ti-cgt-msp430_20.2.6.LTS\lib\</path>
         <kind>archive</kind>
         <file>rts430x_lc_rd_eabi.lib</file>
         <name>mult3264_hw.asm.obj</name>
      </input_file>
      <input_file id="fl-46">
         <path>C:\ti\ccs1031\ccs\tools\compiler\ti-cgt-msp430_20.2.6.LTS\lib\</path>
         <kind>archive</kind>
         <file>rts430x_lc_rd_eabi.lib</file>
         <name>mult64_hw.asm.obj</name>
      </input_file>
      <input_file id="fl-47">
         <path>C:\ti\ccs1031\ccs\tools\compiler\ti-cgt-msp430_20.2.6.LTS\lib\</path>
         <kind>archive</kind>
         <file>rts430x_lc_rd_eabi.lib</file>
         <name>boot.c.obj</name>
      </input_file>
      <input_file id="fl-48">
         <path>C:\ti\ccs1031\ccs\tools\compiler\ti-cgt-msp430_20.2.6.LTS\lib\</path>
         <kind>archive</kind>
         <file>rts430x_lc_rd_eabi.lib</file>
         <name>autoinit.c.obj</name>
      </input_file>
      <input_file id="fl-49">
         <path>C:\ti\ccs1031\ccs\tools\compiler\ti-cgt-msp430_20.2.6.LTS\lib\</path>
         <kind>archive</kind>
         <file>rts430x_lc_rd_eabi.lib</file>
         <name>copy_zero_init.c.obj</name>
      </input_file>
      <input_file id="fl-4a">
         <path>C:\ti\ccs1031\ccs\tools\compiler\ti-cgt-msp430_20.2.6.LTS\lib\</path>
         <kind>archive</kind>
         <file>rts430x_lc_rd_eabi.lib</file>
         <name>cpy_tbl.c.obj</name>
      </input_file>
      <input_file id="fl-4b">
         <path>C:\ti\ccs1031\ccs\tools\compiler\ti-cgt-msp430_20.2.6.LTS\lib\</path>
         <kind>archive</kind>
         <file>rts430x_lc_rd_eabi.lib</file>
         <name>mpu_init.c.obj</name>
      </input_file>
      <input_file id="fl-4c">
         <path>C:\ti\ccs1031\ccs\tools\compiler\ti-cgt-msp430_20.2.6.LTS\lib\</path>
         <kind>archive</kind>
         <file>rts430x_lc_rd_eabi.lib</file>
         <name>pre_init.c.obj</name>
      </input_file>
      <input_file id="fl-4d">
         <path>C:\ti\ccs1031\ccs\tools\compiler\ti-cgt-msp430_20.2.6.LTS\lib\</path>
         <kind>archive</kind>
         <file>rts430x_lc_rd_eabi.lib</file>
         <name>startup.c.obj</name>
      </input_file>
      <input_file id="fl-4e">
         <path>C:\ti\ccs1031\ccs\tools\compiler\ti-cgt-msp430_20.2.6.LTS\lib\</path>
         <kind>archive</kind>
         <file>rts430x_lc_rd_eabi.lib</file>
         <name>copy_decompress_none.c.obj</name>
      </input_file>
      <input_file id="fl-4f">
         <path>C:\ti\ccs1031\ccs\tools\compiler\ti-cgt-msp430_20.2.6.LTS\lib\</path>
         <kind>archive</kind>
         <file>rts430x_lc_rd_eabi.lib</file>
         <name>copy_decompress_lzss.c.obj</name>
      </input_file>
      <input_file id="fl-50">
         <path>C:\ti\ccs1031\ccs\tools\compiler\ti-cgt-msp430_20.2.6.LTS\lib\</path>
         <kind>archive</kind>
         <file>rts430x_lc_rd_eabi.lib</file>
         <name>cvtdf.c.obj</name>
      </input_file>
      <input_file id="fl-51">
         <path>C:\ti\ccs1031\ccs\tools\compiler\ti-cgt-msp430_20.2.6.LTS\lib\</path>
         <kind>archive</kind>
         <file>rts430x_lc_rd_eabi.lib</file>
         <name>addd.c.obj</name>
      </input_file>
      <input_file id="fl-52">
         <path>C:\ti\ccs1031\ccs\tools\compiler\ti-cgt-msp430_20.2.6.LTS\lib\</path>
         <kind>archive</kind>
         <file>rts430x_lc_rd_eabi.lib</file>
         <name>cvtfd.c.obj</name>
      </input_file>
      <input_file id="fl-53">
         <path>C:\ti\ccs1031\ccs\tools\compiler\ti-cgt-msp430_20.2.6.LTS\lib\</path>
         <kind>archive</kind>
         <file>rts430x_lc_rd_eabi.lib</file>
         <name>exit.c.obj</name>
      </input_file>
      <input_file id="fl-54">
         <path>C:\ti\ccs1031\ccs\tools\compiler\ti-cgt-msp430_20.2.6.LTS\lib\</path>
         <kind>archive</kind>
         <file>rts430x_lc_rd_eabi.lib</file>
         <name>_lock.c.obj</name>
      </input_file>
      <input_file id="fl-55">
         <path>C:\ti\ccs1031\ccs\tools\compiler\ti-cgt-msp430_20.2.6.LTS\lib\</path>
         <kind>archive</kind>
         <file>rts430x_lc_rd_eabi.lib</file>
         <name>args_main.c.obj</name>
      </input_file>
      <input_file id="fl-56">
         <path>C:\ti\ccs1031\ccs\tools\compiler\ti-cgt-msp430_20.2.6.LTS\lib\</path>
         <kind>archive</kind>
         <file>rts430x_lc_rd_eabi.lib</file>
         <name>memcpy.c.obj</name>
      </input_file>
      <input_file id="fl-57">
         <path>C:\ti\ccs1031\ccs\tools\compiler\ti-cgt-msp430_20.2.6.LTS\lib\</path>
         <kind>archive</kind>
         <file>rts430x_lc_rd_eabi.lib</file>
         <name>_printfi_min.c.obj</name>
      </input_file>
      <input_file id="fl-58">
         <path>C:\ti\ccs1031\ccs\tools\compiler\ti-cgt-msp430_20.2.6.LTS\lib\</path>
         <kind>archive</kind>
         <file>rts430x_lc_rd_eabi.lib</file>
         <name>asr32.asm.obj</name>
      </input_file>
      <input_file id="fl-59">
         <path>C:\ti\ccs1031\ccs\tools\compiler\ti-cgt-msp430_20.2.6.LTS\lib\</path>
         <kind>archive</kind>
         <file>rts430x_lc_rd_eabi.lib</file>
         <name>div16u.asm.obj</name>
      </input_file>
      <input_file id="fl-5a">
         <path>C:\ti\ccs1031\ccs\tools\compiler\ti-cgt-msp430_20.2.6.LTS\lib\</path>
         <kind>archive</kind>
         <file>rts430x_lc_rd_eabi.lib</file>
         <name>lsl32.asm.obj</name>
      </input_file>
      <input_file id="fl-5b">
         <path>C:\ti\ccs1031\ccs\tools\compiler\ti-cgt-msp430_20.2.6.LTS\lib\</path>
         <kind>archive</kind>
         <file>rts430x_lc_rd_eabi.lib</file>
         <name>mult16.asm.obj</name>
      </input_file>
      <input_file id="fl-5c">
         <path>C:\ti\ccs1031\ccs\tools\compiler\ti-cgt-msp430_20.2.6.LTS\lib\</path>
         <kind>archive</kind>
         <file>rts430x_lc_rd_eabi.lib</file>
         <name>exit_gvars.c.obj</name>
      </input_file>
      <input_file id="fl-5d">
         <path>C:\ti\ccs1031\ccs\tools\compiler\ti-cgt-msp430_20.2.6.LTS\lib\</path>
         <kind>archive</kind>
         <file>rts430x_lc_rd_eabi.lib</file>
         <name>asr64.c.obj</name>
      </input_file>
      <input_file id="fl-5e">
         <path>C:\ti\ccs1031\ccs\tools\compiler\ti-cgt-msp430_20.2.6.LTS\lib\</path>
         <kind>archive</kind>
         <file>rts430x_lc_rd_eabi.lib</file>
         <name>lsl64.c.obj</name>
      </input_file>
      <input_file id="fl-5f">
         <path>C:\ti\ccs1031\ccs\tools\compiler\ti-cgt-msp430_20.2.6.LTS\lib\</path>
         <kind>archive</kind>
         <file>rts430x_lc_rd_eabi.lib</file>
         <name>lsr64.c.obj</name>
      </input_file>
      <input_file id="fl-60">
         <path>C:\ti\ccs1031\ccs\tools\compiler\ti-cgt-msp430_20.2.6.LTS\lib\</path>
         <kind>archive</kind>
         <file>rts430x_lc_rd_eabi.lib</file>
         <name>memccpy.c.obj</name>
      </input_file>
      <input_file id="fl-61">
         <path>C:\ti\ccs1031\ccs\tools\compiler\ti-cgt-msp430_20.2.6.LTS\lib\</path>
         <kind>archive</kind>
         <file>rts430x_lc_rd_eabi.lib</file>
         <name>memset.c.obj</name>
      </input_file>
      <input_file id="fl-62">
         <path>C:\ti\ccs1031\ccs\tools\compiler\ti-cgt-msp430_20.2.6.LTS\lib\</path>
         <kind>archive</kind>
         <file>rts430x_lc_rd_eabi.lib</file>
         <name>strlen.c.obj</name>
      </input_file>
   </input_file_list>
   <object_component_list>
      <object_component id="oc-1d6">
         <name>.common:OFCount</name>
         <uninitialized>true</uninitialized>
         <run_address>0x1128</run_address>
         <size>0x2</size>
      </object_component>
      <object_component id="oc-1e3">
         <name>.common:f_range</name>
         <uninitialized>true</uninitialized>
         <run_address>0x1124</run_address>
         <size>0x4</size>
      </object_component>
      <object_component id="oc-1d9">
         <name>.data</name>
         <load_address>0x1118</load_address>
         <run_address>0x1118</run_address>
         <size>0xb</size>
         <input_file_ref idref="fl-3"/>
      </object_component>
      <object_component id="oc-257">
         <name>.data:lf_range</name>
         <load_address>0x110c</load_address>
         <run_address>0x110c</run_address>
         <size>0xc</size>
         <input_file_ref idref="fl-3"/>
      </object_component>
      <object_component id="oc-277">
         <name>.data:hf_range</name>
         <load_address>0x1100</load_address>
         <run_address>0x1100</run_address>
         <size>0xc</size>
         <input_file_ref idref="fl-3"/>
      </object_component>
      <object_component id="oc-161">
         <name>.stack</name>
         <uninitialized>true</uninitialized>
         <run_address>0x20b0</run_address>
         <size>0x4</size>
         <input_file_ref idref="fl-47"/>
      </object_component>
      <object_component id="oc-42a">
         <name>.stack</name>
         <uninitialized>true</uninitialized>
         <run_address>0x20b0</run_address>
         <size>0x0</size>
      </object_component>
      <object_component id="oc-26b">
         <name>.text:__mspabi_addd</name>
         <load_address>0x10000</load_address>
         <run_address>0x10000</run_address>
         <size>0x72a</size>
         <input_file_ref idref="fl-51"/>
      </object_component>
      <object_component id="oc-346">
         <name>.text:_setfield</name>
         <load_address>0x1072a</load_address>
         <run_address>0x1072a</run_address>
         <size>0x132</size>
         <input_file_ref idref="fl-57"/>
      </object_component>
      <object_component id="oc-203">
         <name>.text:main</name>
         <load_address>0x1085c</load_address>
         <run_address>0x1085c</run_address>
         <size>0x110</size>
         <input_file_ref idref="fl-3"/>
      </object_component>
      <object_component id="oc-2da">
         <name>.text:__TI_printfi_minimal</name>
         <load_address>0x1096c</load_address>
         <run_address>0x1096c</run_address>
         <size>0xdc</size>
         <input_file_ref idref="fl-57"/>
      </object_component>
      <object_component id="oc-39e">
         <name>.text:_pproc_diouxp</name>
         <load_address>0x10a48</load_address>
         <run_address>0x10a48</run_address>
         <size>0xda</size>
         <input_file_ref idref="fl-57"/>
      </object_component>
      <object_component id="oc-1e4">
         <name>.text</name>
         <load_address>0x10b22</load_address>
         <run_address>0x10b22</run_address>
         <size>0xb8</size>
         <input_file_ref idref="fl-21"/>
      </object_component>
      <object_component id="oc-271">
         <name>.text:__mspabi_cvtdf</name>
         <load_address>0x10bda</load_address>
         <run_address>0x10bda</run_address>
         <size>0xb2</size>
         <input_file_ref idref="fl-50"/>
      </object_component>
      <object_component id="oc-25a">
         <name>.text</name>
         <load_address>0x10c8c</load_address>
         <run_address>0x10c8c</run_address>
         <size>0x90</size>
         <input_file_ref idref="fl-20"/>
      </object_component>
      <object_component id="oc-251">
         <name>.text:lcdInit</name>
         <load_address>0x10d1c</load_address>
         <run_address>0x10d1c</run_address>
         <size>0x8a</size>
         <input_file_ref idref="fl-2"/>
      </object_component>
      <object_component id="oc-57">
         <name>.text:decompress:lzss:__TI_decompress_lzss</name>
         <load_address>0x10da6</load_address>
         <run_address>0x10da6</run_address>
         <size>0x76</size>
         <input_file_ref idref="fl-4f"/>
      </object_component>
      <object_component id="oc-1e9">
         <name>.text</name>
         <load_address>0x10e1c</load_address>
         <run_address>0x10e1c</run_address>
         <size>0x68</size>
         <input_file_ref idref="fl-22"/>
      </object_component>
      <object_component id="oc-265">
         <name>.text:__mspabi_cvtfd</name>
         <load_address>0x10e84</load_address>
         <run_address>0x10e84</run_address>
         <size>0x64</size>
         <input_file_ref idref="fl-52"/>
      </object_component>
      <object_component id="oc-1dd">
         <name>.text:lcdSetText</name>
         <load_address>0x10ee8</load_address>
         <run_address>0x10ee8</run_address>
         <size>0x56</size>
         <input_file_ref idref="fl-2"/>
      </object_component>
      <object_component id="oc-2a4">
         <name>.text:__TI_auto_init_nobinit_nopinit_hold_wdt:__TI_auto_init_nobinit_nopinit_hold_wdt</name>
         <load_address>0x10f3e</load_address>
         <run_address>0x10f3e</run_address>
         <size>0x54</size>
         <input_file_ref idref="fl-48"/>
      </object_component>
      <object_component id="oc-27a">
         <name>.text</name>
         <load_address>0x10f92</load_address>
         <run_address>0x10f92</run_address>
         <size>0x4a</size>
         <input_file_ref idref="fl-1f"/>
      </object_component>
      <object_component id="oc-34c">
         <name>.text:_pproc_str</name>
         <load_address>0x10fdc</load_address>
         <run_address>0x10fdc</run_address>
         <size>0x48</size>
         <input_file_ref idref="fl-57"/>
      </object_component>
      <object_component id="oc-247">
         <name>.text:sprintf</name>
         <load_address>0x11024</load_address>
         <run_address>0x11024</run_address>
         <size>0x44</size>
         <input_file_ref idref="fl-1e"/>
      </object_component>
      <object_component id="oc-236">
         <name>.text:lcdWriteCmd</name>
         <load_address>0x11068</load_address>
         <run_address>0x11068</run_address>
         <size>0x42</size>
         <input_file_ref idref="fl-2"/>
      </object_component>
      <object_component id="oc-23c">
         <name>.text:lcdWriteData</name>
         <load_address>0x110aa</load_address>
         <run_address>0x110aa</run_address>
         <size>0x42</size>
         <input_file_ref idref="fl-2"/>
      </object_component>
      <object_component id="oc-2f2">
         <name>.text:__mspabi_srall</name>
         <load_address>0x110ec</load_address>
         <run_address>0x110ec</run_address>
         <size>0x40</size>
         <input_file_ref idref="fl-5d"/>
      </object_component>
      <object_component id="oc-2e7">
         <name>.text:l_asr_const</name>
         <load_address>0x1112c</load_address>
         <run_address>0x1112c</run_address>
         <size>0x3e</size>
         <input_file_ref idref="fl-58"/>
      </object_component>
      <object_component id="oc-300">
         <name>.text:l_lsl_const</name>
         <load_address>0x1116a</load_address>
         <run_address>0x1116a</run_address>
         <size>0x3e</size>
         <input_file_ref idref="fl-5a"/>
      </object_component>
      <object_component id="oc-2f8">
         <name>.text:__mspabi_sllll</name>
         <load_address>0x111a8</load_address>
         <run_address>0x111a8</run_address>
         <size>0x3a</size>
         <input_file_ref idref="fl-5e"/>
      </object_component>
      <object_component id="oc-1ee">
         <name>.text:lcdSetInt</name>
         <load_address>0x111e2</load_address>
         <run_address>0x111e2</run_address>
         <size>0x36</size>
         <input_file_ref idref="fl-2"/>
      </object_component>
      <object_component id="oc-3a4">
         <name>.text:memccpy</name>
         <load_address>0x11218</load_address>
         <run_address>0x11218</run_address>
         <size>0x26</size>
         <input_file_ref idref="fl-60"/>
      </object_component>
      <object_component id="oc-188">
         <name>.text:decompress:ZI:__TI_zero_init_nomemset:__TI_zero_init_nomemset</name>
         <load_address>0x1123e</load_address>
         <run_address>0x1123e</run_address>
         <size>0x24</size>
         <input_file_ref idref="fl-49"/>
      </object_component>
      <object_component id="oc-2ce">
         <name>.text:_outs</name>
         <load_address>0x11262</load_address>
         <run_address>0x11262</run_address>
         <size>0x20</size>
         <input_file_ref idref="fl-1e"/>
      </object_component>
      <object_component id="oc-389">
         <name>.text</name>
         <load_address>0x11282</load_address>
         <run_address>0x11282</run_address>
         <size>0x18</size>
         <input_file_ref idref="fl-42"/>
      </object_component>
      <object_component id="oc-397">
         <name>.text:memset</name>
         <load_address>0x1129a</load_address>
         <run_address>0x1129a</run_address>
         <size>0x16</size>
         <input_file_ref idref="fl-61"/>
      </object_component>
      <object_component id="oc-3c4">
         <name>.text</name>
         <load_address>0x112b0</load_address>
         <run_address>0x112b0</run_address>
         <size>0x16</size>
         <input_file_ref idref="fl-59"/>
      </object_component>
      <object_component id="oc-2d4">
         <name>.text:_outc</name>
         <load_address>0x112c6</load_address>
         <run_address>0x112c6</run_address>
         <size>0x14</size>
         <input_file_ref idref="fl-1e"/>
      </object_component>
      <object_component id="oc-170">
         <name>.text:memcpy</name>
         <load_address>0x112da</load_address>
         <run_address>0x112da</run_address>
         <size>0x14</size>
         <input_file_ref idref="fl-56"/>
      </object_component>
      <object_component id="oc-5d">
         <name>.text:decompress:none:__TI_decompress_none</name>
         <load_address>0x112ee</load_address>
         <run_address>0x112ee</run_address>
         <size>0x12</size>
         <input_file_ref idref="fl-4e"/>
      </object_component>
      <object_component id="oc-25f">
         <name>.text:initTimer_A</name>
         <load_address>0x11300</load_address>
         <run_address>0x11300</run_address>
         <size>0x12</size>
         <input_file_ref idref="fl-3"/>
      </object_component>
      <object_component id="oc-2c4">
         <name>.text:lcdTriggerEN</name>
         <load_address>0x11312</load_address>
         <run_address>0x11312</run_address>
         <size>0xe</size>
         <input_file_ref idref="fl-2"/>
      </object_component>
      <object_component id="oc-340">
         <name>.text:strlen</name>
         <load_address>0x11320</load_address>
         <run_address>0x11320</run_address>
         <size>0xe</size>
         <input_file_ref idref="fl-62"/>
      </object_component>
      <object_component id="oc-280">
         <name>.text:abort</name>
         <load_address>0x1132e</load_address>
         <run_address>0x1132e</run_address>
         <size>0x6</size>
         <input_file_ref idref="fl-53"/>
      </object_component>
      <object_component id="oc-1fd">
         <name>.text:_system_pre_init</name>
         <load_address>0x11334</load_address>
         <run_address>0x11334</run_address>
         <size>0x4</size>
         <input_file_ref idref="fl-4c"/>
      </object_component>
      <object_component id="oc-31c">
         <name>.text:_system_post_cinit</name>
         <load_address>0x11338</load_address>
         <run_address>0x11338</run_address>
         <size>0x2</size>
         <input_file_ref idref="fl-4d"/>
      </object_component>
      <object_component id="oc-182">
         <name>.text:_isr:Timer_A_CCR0_ISR</name>
         <load_address>0x2100</load_address>
         <run_address>0x2100</run_address>
         <size>0xce</size>
         <input_file_ref idref="fl-3"/>
      </object_component>
      <object_component id="oc-19a">
         <name>.text:_isr:_c_int00_noargs</name>
         <load_address>0x21ce</load_address>
         <run_address>0x21ce</run_address>
         <size>0x1c</size>
         <input_file_ref idref="fl-47"/>
      </object_component>
      <object_component id="oc-17d">
         <name>.text:_isr:__TI_ISR_TRAP</name>
         <load_address>0x21ea</load_address>
         <run_address>0x21ea</run_address>
         <size>0x8</size>
         <input_file_ref idref="fl-41"/>
      </object_component>
      <object_component id="oc-429">
         <name>.cinit..data.load</name>
         <load_address>0x2228</load_address>
         <run_address>0x2228</run_address>
         <size>0x26</size>
      </object_component>
      <object_component id="oc-426">
         <name>__TI_handler_table</name>
         <load_address>0x224e</load_address>
         <run_address>0x224e</run_address>
         <size>0xc</size>
      </object_component>
      <object_component id="oc-428">
         <name>.cinit..bss.load</name>
         <load_address>0x225a</load_address>
         <run_address>0x225a</run_address>
         <size>0x6</size>
      </object_component>
      <object_component id="oc-427">
         <name>__TI_cinit_table</name>
         <load_address>0x2260</load_address>
         <run_address>0x2260</run_address>
         <size>0x10</size>
      </object_component>
      <object_component id="oc-1dc">
         <name>.const:.string</name>
         <load_address>0x21f2</load_address>
         <run_address>0x21f2</run_address>
         <size>0x1e</size>
         <input_file_ref idref="fl-3"/>
      </object_component>
      <object_component id="oc-39d">
         <name>.const:.string</name>
         <load_address>0x2210</load_address>
         <run_address>0x2210</run_address>
         <size>0x14</size>
         <input_file_ref idref="fl-57"/>
      </object_component>
      <object_component id="oc-246">
         <name>.const:.string</name>
         <load_address>0x2224</load_address>
         <run_address>0x2224</run_address>
         <size>0x4</size>
         <input_file_ref idref="fl-2"/>
      </object_component>
      <object_component id="oc-3d7">
         <name>.binit</name>
         <load_address>0x2100</load_address>
         <run_address>0x2100</run_address>
         <size>0x0</size>
      </object_component>
      <object_component id="oc-63">
         <name>.int00</name>
         <load_address>0xffc0</load_address>
         <run_address>0xffc0</run_address>
         <size>0x2</size>
         <input_file_ref idref="fl-23"/>
      </object_component>
      <object_component id="oc-64">
         <name>.int01</name>
         <load_address>0xffc2</load_address>
         <run_address>0xffc2</run_address>
         <size>0x2</size>
         <input_file_ref idref="fl-24"/>
      </object_component>
      <object_component id="oc-65">
         <name>.int02</name>
         <load_address>0xffc4</load_address>
         <run_address>0xffc4</run_address>
         <size>0x2</size>
         <input_file_ref idref="fl-25"/>
      </object_component>
      <object_component id="oc-66">
         <name>.int03</name>
         <load_address>0xffc6</load_address>
         <run_address>0xffc6</run_address>
         <size>0x2</size>
         <input_file_ref idref="fl-26"/>
      </object_component>
      <object_component id="oc-67">
         <name>.int04</name>
         <load_address>0xffc8</load_address>
         <run_address>0xffc8</run_address>
         <size>0x2</size>
         <input_file_ref idref="fl-27"/>
      </object_component>
      <object_component id="oc-68">
         <name>.int05</name>
         <load_address>0xffca</load_address>
         <run_address>0xffca</run_address>
         <size>0x2</size>
         <input_file_ref idref="fl-28"/>
      </object_component>
      <object_component id="oc-69">
         <name>.int06</name>
         <load_address>0xffcc</load_address>
         <run_address>0xffcc</run_address>
         <size>0x2</size>
         <input_file_ref idref="fl-29"/>
      </object_component>
      <object_component id="oc-6a">
         <name>.int07</name>
         <load_address>0xffce</load_address>
         <run_address>0xffce</run_address>
         <size>0x2</size>
         <input_file_ref idref="fl-2a"/>
      </object_component>
      <object_component id="oc-6b">
         <name>.int08</name>
         <load_address>0xffd0</load_address>
         <run_address>0xffd0</run_address>
         <size>0x2</size>
         <input_file_ref idref="fl-2b"/>
      </object_component>
      <object_component id="oc-6c">
         <name>.int09</name>
         <load_address>0xffd2</load_address>
         <run_address>0xffd2</run_address>
         <size>0x2</size>
         <input_file_ref idref="fl-2c"/>
      </object_component>
      <object_component id="oc-6d">
         <name>.int10</name>
         <load_address>0xffd4</load_address>
         <run_address>0xffd4</run_address>
         <size>0x2</size>
         <input_file_ref idref="fl-2d"/>
      </object_component>
      <object_component id="oc-6e">
         <name>.int11</name>
         <load_address>0xffd6</load_address>
         <run_address>0xffd6</run_address>
         <size>0x2</size>
         <input_file_ref idref="fl-2e"/>
      </object_component>
      <object_component id="oc-6f">
         <name>.int12</name>
         <load_address>0xffd8</load_address>
         <run_address>0xffd8</run_address>
         <size>0x2</size>
         <input_file_ref idref="fl-2f"/>
      </object_component>
      <object_component id="oc-70">
         <name>.int13</name>
         <load_address>0xffda</load_address>
         <run_address>0xffda</run_address>
         <size>0x2</size>
         <input_file_ref idref="fl-30"/>
      </object_component>
      <object_component id="oc-71">
         <name>.int14</name>
         <load_address>0xffdc</load_address>
         <run_address>0xffdc</run_address>
         <size>0x2</size>
         <input_file_ref idref="fl-31"/>
      </object_component>
      <object_component id="oc-72">
         <name>.int15</name>
         <load_address>0xffde</load_address>
         <run_address>0xffde</run_address>
         <size>0x2</size>
         <input_file_ref idref="fl-32"/>
      </object_component>
      <object_component id="oc-73">
         <name>.int16</name>
         <load_address>0xffe0</load_address>
         <run_address>0xffe0</run_address>
         <size>0x2</size>
         <input_file_ref idref="fl-33"/>
      </object_component>
      <object_component id="oc-74">
         <name>.int17</name>
         <load_address>0xffe2</load_address>
         <run_address>0xffe2</run_address>
         <size>0x2</size>
         <input_file_ref idref="fl-34"/>
      </object_component>
      <object_component id="oc-75">
         <name>.int18</name>
         <load_address>0xffe4</load_address>
         <run_address>0xffe4</run_address>
         <size>0x2</size>
         <input_file_ref idref="fl-35"/>
      </object_component>
      <object_component id="oc-76">
         <name>.int19</name>
         <load_address>0xffe6</load_address>
         <run_address>0xffe6</run_address>
         <size>0x2</size>
         <input_file_ref idref="fl-36"/>
      </object_component>
      <object_component id="oc-77">
         <name>.int20</name>
         <load_address>0xffe8</load_address>
         <run_address>0xffe8</run_address>
         <size>0x2</size>
         <input_file_ref idref="fl-37"/>
      </object_component>
      <object_component id="oc-78">
         <name>.int21</name>
         <load_address>0xffea</load_address>
         <run_address>0xffea</run_address>
         <size>0x2</size>
         <input_file_ref idref="fl-38"/>
      </object_component>
      <object_component id="oc-79">
         <name>.int22</name>
         <load_address>0xffec</load_address>
         <run_address>0xffec</run_address>
         <size>0x2</size>
         <input_file_ref idref="fl-39"/>
      </object_component>
      <object_component id="oc-7a">
         <name>.int23</name>
         <load_address>0xffee</load_address>
         <run_address>0xffee</run_address>
         <size>0x2</size>
         <input_file_ref idref="fl-3a"/>
      </object_component>
      <object_component id="oc-7b">
         <name>.int24</name>
         <load_address>0xfff0</load_address>
         <run_address>0xfff0</run_address>
         <size>0x2</size>
         <input_file_ref idref="fl-3b"/>
      </object_component>
      <object_component id="oc-7c">
         <name>.int25</name>
         <load_address>0xfff2</load_address>
         <run_address>0xfff2</run_address>
         <size>0x2</size>
         <input_file_ref idref="fl-3"/>
      </object_component>
      <object_component id="oc-7d">
         <name>.int26</name>
         <load_address>0xfff4</load_address>
         <run_address>0xfff4</run_address>
         <size>0x2</size>
         <input_file_ref idref="fl-3c"/>
      </object_component>
      <object_component id="oc-7e">
         <name>.int27</name>
         <load_address>0xfff6</load_address>
         <run_address>0xfff6</run_address>
         <size>0x2</size>
         <input_file_ref idref="fl-3d"/>
      </object_component>
      <object_component id="oc-7f">
         <name>.int28</name>
         <load_address>0xfff8</load_address>
         <run_address>0xfff8</run_address>
         <size>0x2</size>
         <input_file_ref idref="fl-3e"/>
      </object_component>
      <object_component id="oc-80">
         <name>.int29</name>
         <load_address>0xfffa</load_address>
         <run_address>0xfffa</run_address>
         <size>0x2</size>
         <input_file_ref idref="fl-3f"/>
      </object_component>
      <object_component id="oc-81">
         <name>.int30</name>
         <load_address>0xfffc</load_address>
         <run_address>0xfffc</run_address>
         <size>0x2</size>
         <input_file_ref idref="fl-40"/>
      </object_component>
      <object_component id="oc-164">
         <name>.reset</name>
         <load_address>0xfffe</load_address>
         <run_address>0xfffe</run_address>
         <size>0x2</size>
         <input_file_ref idref="fl-47"/>
      </object_component>
      <object_component id="oc-243">
         <name>.debug_info</name>
         <load_address>0x0</load_address>
         <run_address>0x0</run_address>
         <size>0x1c7</size>
         <input_file_ref idref="fl-2"/>
      </object_component>
      <object_component id="oc-2c6">
         <name>.debug_info</name>
         <load_address>0x1c7</load_address>
         <run_address>0x1c7</run_address>
         <size>0xf2</size>
         <input_file_ref idref="fl-2"/>
      </object_component>
      <object_component id="oc-23d">
         <name>.debug_info</name>
         <load_address>0x2b9</load_address>
         <run_address>0x2b9</run_address>
         <size>0x13a</size>
         <input_file_ref idref="fl-2"/>
      </object_component>
      <object_component id="oc-238">
         <name>.debug_info</name>
         <load_address>0x3f3</load_address>
         <run_address>0x3f3</run_address>
         <size>0x134</size>
         <input_file_ref idref="fl-2"/>
      </object_component>
      <object_component id="oc-1de">
         <name>.debug_info</name>
         <load_address>0x527</load_address>
         <run_address>0x527</run_address>
         <size>0x161</size>
         <input_file_ref idref="fl-2"/>
      </object_component>
      <object_component id="oc-1ef">
         <name>.debug_info</name>
         <load_address>0x688</load_address>
         <run_address>0x688</run_address>
         <size>0x179</size>
         <input_file_ref idref="fl-2"/>
      </object_component>
      <object_component id="oc-252">
         <name>.debug_info</name>
         <load_address>0x801</load_address>
         <run_address>0x801</run_address>
         <size>0x18e</size>
         <input_file_ref idref="fl-2"/>
      </object_component>
      <object_component id="oc-22a">
         <name>.debug_info</name>
         <load_address>0x98f</load_address>
         <run_address>0x98f</run_address>
         <size>0x26b</size>
         <input_file_ref idref="fl-2"/>
      </object_component>
      <object_component id="oc-16b">
         <name>.debug_info</name>
         <load_address>0xbfa</load_address>
         <run_address>0xbfa</run_address>
         <size>0x84</size>
         <input_file_ref idref="fl-2"/>
      </object_component>
      <object_component id="oc-2bf">
         <name>.debug_info</name>
         <load_address>0xc7e</load_address>
         <run_address>0xc7e</run_address>
         <size>0x282</size>
         <input_file_ref idref="fl-2"/>
      </object_component>
      <object_component id="oc-1ce">
         <name>.debug_info</name>
         <load_address>0xf00</load_address>
         <run_address>0xf00</run_address>
         <size>0x2c</size>
         <input_file_ref idref="fl-2"/>
      </object_component>
      <object_component id="oc-354">
         <name>.debug_info</name>
         <load_address>0xf2c</load_address>
         <run_address>0xf2c</run_address>
         <size>0x2c</size>
         <input_file_ref idref="fl-2"/>
      </object_component>
      <object_component id="oc-22f">
         <name>.debug_info</name>
         <load_address>0xf58</load_address>
         <run_address>0xf58</run_address>
         <size>0x35</size>
         <input_file_ref idref="fl-2"/>
      </object_component>
      <object_component id="oc-1d7">
         <name>.debug_info</name>
         <load_address>0xf8d</load_address>
         <run_address>0xf8d</run_address>
         <size>0x373</size>
         <input_file_ref idref="fl-3"/>
      </object_component>
      <object_component id="oc-1da">
         <name>.debug_info</name>
         <load_address>0x1300</load_address>
         <run_address>0x1300</run_address>
         <size>0x138</size>
         <input_file_ref idref="fl-3"/>
      </object_component>
      <object_component id="oc-258">
         <name>.debug_info</name>
         <load_address>0x1438</load_address>
         <run_address>0x1438</run_address>
         <size>0xba</size>
         <input_file_ref idref="fl-3"/>
      </object_component>
      <object_component id="oc-278">
         <name>.debug_info</name>
         <load_address>0x14f2</load_address>
         <run_address>0x14f2</run_address>
         <size>0xba</size>
         <input_file_ref idref="fl-3"/>
      </object_component>
      <object_component id="oc-260">
         <name>.debug_info</name>
         <load_address>0x15ac</load_address>
         <run_address>0x15ac</run_address>
         <size>0xea</size>
         <input_file_ref idref="fl-3"/>
      </object_component>
      <object_component id="oc-204">
         <name>.debug_info</name>
         <load_address>0x1696</load_address>
         <run_address>0x1696</run_address>
         <size>0x19a</size>
         <input_file_ref idref="fl-3"/>
      </object_component>
      <object_component id="oc-183">
         <name>.debug_info</name>
         <load_address>0x1830</load_address>
         <run_address>0x1830</run_address>
         <size>0x182</size>
         <input_file_ref idref="fl-3"/>
      </object_component>
      <object_component id="oc-2e1">
         <name>.debug_info</name>
         <load_address>0x19b2</load_address>
         <run_address>0x19b2</run_address>
         <size>0x229</size>
         <input_file_ref idref="fl-1e"/>
      </object_component>
      <object_component id="oc-24a">
         <name>.debug_info</name>
         <load_address>0x1bdb</load_address>
         <run_address>0x1bdb</run_address>
         <size>0x1c2</size>
         <input_file_ref idref="fl-1e"/>
      </object_component>
      <object_component id="oc-2d1">
         <name>.debug_info</name>
         <load_address>0x1d9d</load_address>
         <run_address>0x1d9d</run_address>
         <size>0x198</size>
         <input_file_ref idref="fl-1e"/>
      </object_component>
      <object_component id="oc-2d7">
         <name>.debug_info</name>
         <load_address>0x1f35</load_address>
         <run_address>0x1f35</run_address>
         <size>0x16d</size>
         <input_file_ref idref="fl-1e"/>
      </object_component>
      <object_component id="oc-3ae">
         <name>.debug_info</name>
         <load_address>0x20a2</load_address>
         <run_address>0x20a2</run_address>
         <size>0x2c</size>
         <input_file_ref idref="fl-1e"/>
      </object_component>
      <object_component id="oc-27b">
         <name>.debug_info</name>
         <load_address>0x20ce</load_address>
         <run_address>0x20ce</run_address>
         <size>0x12d</size>
         <input_file_ref idref="fl-1f"/>
      </object_component>
      <object_component id="oc-25c">
         <name>.debug_info</name>
         <load_address>0x21fb</load_address>
         <run_address>0x21fb</run_address>
         <size>0x121</size>
         <input_file_ref idref="fl-20"/>
      </object_component>
      <object_component id="oc-1e5">
         <name>.debug_info</name>
         <load_address>0x231c</load_address>
         <run_address>0x231c</run_address>
         <size>0x121</size>
         <input_file_ref idref="fl-21"/>
      </object_component>
      <object_component id="oc-1ec">
         <name>.debug_info</name>
         <load_address>0x243d</load_address>
         <run_address>0x243d</run_address>
         <size>0x135</size>
         <input_file_ref idref="fl-22"/>
      </object_component>
      <object_component id="oc-17e">
         <name>.debug_info</name>
         <load_address>0x2572</load_address>
         <run_address>0x2572</run_address>
         <size>0x10f</size>
         <input_file_ref idref="fl-41"/>
      </object_component>
      <object_component id="oc-38b">
         <name>.debug_info</name>
         <load_address>0x2681</load_address>
         <run_address>0x2681</run_address>
         <size>0x12a</size>
         <input_file_ref idref="fl-42"/>
      </object_component>
      <object_component id="oc-162">
         <name>.debug_info</name>
         <load_address>0x27ab</load_address>
         <run_address>0x27ab</run_address>
         <size>0x100</size>
         <input_file_ref idref="fl-47"/>
      </object_component>
      <object_component id="oc-19b">
         <name>.debug_info</name>
         <load_address>0x28ab</load_address>
         <run_address>0x28ab</run_address>
         <size>0x17a</size>
         <input_file_ref idref="fl-47"/>
      </object_component>
      <object_component id="oc-323">
         <name>.debug_info</name>
         <load_address>0x2a25</load_address>
         <run_address>0x2a25</run_address>
         <size>0x3fc</size>
         <input_file_ref idref="fl-48"/>
      </object_component>
      <object_component id="oc-2a6">
         <name>.debug_info</name>
         <load_address>0x2e21</load_address>
         <run_address>0x2e21</run_address>
         <size>0x230</size>
         <input_file_ref idref="fl-48"/>
      </object_component>
      <object_component id="oc-37f">
         <name>.debug_info</name>
         <load_address>0x3051</load_address>
         <run_address>0x3051</run_address>
         <size>0x39</size>
         <input_file_ref idref="fl-48"/>
      </object_component>
      <object_component id="oc-390">
         <name>.debug_info</name>
         <load_address>0x308a</load_address>
         <run_address>0x308a</run_address>
         <size>0x2c</size>
         <input_file_ref idref="fl-48"/>
      </object_component>
      <object_component id="oc-32e">
         <name>.debug_info</name>
         <load_address>0x30b6</load_address>
         <run_address>0x30b6</run_address>
         <size>0x2c</size>
         <input_file_ref idref="fl-48"/>
      </object_component>
      <object_component id="oc-384">
         <name>.debug_info</name>
         <load_address>0x30e2</load_address>
         <run_address>0x30e2</run_address>
         <size>0xcd</size>
         <input_file_ref idref="fl-48"/>
      </object_component>
      <object_component id="oc-1fb">
         <name>.debug_info</name>
         <load_address>0x31af</load_address>
         <run_address>0x31af</run_address>
         <size>0x17f</size>
         <input_file_ref idref="fl-49"/>
      </object_component>
      <object_component id="oc-18a">
         <name>.debug_info</name>
         <load_address>0x332e</load_address>
         <run_address>0x332e</run_address>
         <size>0x1d7</size>
         <input_file_ref idref="fl-49"/>
      </object_component>
      <object_component id="oc-1f6">
         <name>.debug_info</name>
         <load_address>0x3505</load_address>
         <run_address>0x3505</run_address>
         <size>0x46</size>
         <input_file_ref idref="fl-49"/>
      </object_component>
      <object_component id="oc-200">
         <name>.debug_info</name>
         <load_address>0x354b</load_address>
         <run_address>0x354b</run_address>
         <size>0x153</size>
         <input_file_ref idref="fl-4c"/>
      </object_component>
      <object_component id="oc-31f">
         <name>.debug_info</name>
         <load_address>0x369e</load_address>
         <run_address>0x369e</run_address>
         <size>0x150</size>
         <input_file_ref idref="fl-4d"/>
      </object_component>
      <object_component id="oc-17c">
         <name>.debug_info</name>
         <load_address>0x37ee</load_address>
         <run_address>0x37ee</run_address>
         <size>0x18f</size>
         <input_file_ref idref="fl-4e"/>
      </object_component>
      <object_component id="oc-5f">
         <name>.debug_info</name>
         <load_address>0x397d</load_address>
         <run_address>0x397d</run_address>
         <size>0x1d3</size>
         <input_file_ref idref="fl-4e"/>
      </object_component>
      <object_component id="oc-177">
         <name>.debug_info</name>
         <load_address>0x3b50</load_address>
         <run_address>0x3b50</run_address>
         <size>0x46</size>
         <input_file_ref idref="fl-4e"/>
      </object_component>
      <object_component id="oc-1cb">
         <name>.debug_info</name>
         <load_address>0x3b96</load_address>
         <run_address>0x3b96</run_address>
         <size>0x17b</size>
         <input_file_ref idref="fl-4f"/>
      </object_component>
      <object_component id="oc-58">
         <name>.debug_info</name>
         <load_address>0x3d11</load_address>
         <run_address>0x3d11</run_address>
         <size>0x250</size>
         <input_file_ref idref="fl-4f"/>
      </object_component>
      <object_component id="oc-166">
         <name>.debug_info</name>
         <load_address>0x3f61</load_address>
         <run_address>0x3f61</run_address>
         <size>0x60</size>
         <input_file_ref idref="fl-4f"/>
      </object_component>
      <object_component id="oc-21f">
         <name>.debug_info</name>
         <load_address>0x3fc1</load_address>
         <run_address>0x3fc1</run_address>
         <size>0x46</size>
         <input_file_ref idref="fl-4f"/>
      </object_component>
      <object_component id="oc-1c6">
         <name>.debug_info</name>
         <load_address>0x4007</load_address>
         <run_address>0x4007</run_address>
         <size>0x39</size>
         <input_file_ref idref="fl-4f"/>
      </object_component>
      <object_component id="oc-306">
         <name>.debug_info</name>
         <load_address>0x4040</load_address>
         <run_address>0x4040</run_address>
         <size>0x16a</size>
         <input_file_ref idref="fl-50"/>
      </object_component>
      <object_component id="oc-274">
         <name>.debug_info</name>
         <load_address>0x41aa</load_address>
         <run_address>0x41aa</run_address>
         <size>0x1db</size>
         <input_file_ref idref="fl-50"/>
      </object_component>
      <object_component id="oc-2ed">
         <name>.debug_info</name>
         <load_address>0x4385</load_address>
         <run_address>0x4385</run_address>
         <size>0xdb</size>
         <input_file_ref idref="fl-50"/>
      </object_component>
      <object_component id="oc-2ff">
         <name>.debug_info</name>
         <load_address>0x4460</load_address>
         <run_address>0x4460</run_address>
         <size>0x169</size>
         <input_file_ref idref="fl-51"/>
      </object_component>
      <object_component id="oc-26e">
         <name>.debug_info</name>
         <load_address>0x45c9</load_address>
         <run_address>0x45c9</run_address>
         <size>0x3a0</size>
         <input_file_ref idref="fl-51"/>
      </object_component>
      <object_component id="oc-266">
         <name>.debug_info</name>
         <load_address>0x4969</load_address>
         <run_address>0x4969</run_address>
         <size>0x19c</size>
         <input_file_ref idref="fl-52"/>
      </object_component>
      <object_component id="oc-282">
         <name>.debug_info</name>
         <load_address>0x4b05</load_address>
         <run_address>0x4b05</run_address>
         <size>0x122</size>
         <input_file_ref idref="fl-53"/>
      </object_component>
      <object_component id="oc-1cd">
         <name>.debug_info</name>
         <load_address>0x4c27</load_address>
         <run_address>0x4c27</run_address>
         <size>0x19a</size>
         <input_file_ref idref="fl-56"/>
      </object_component>
      <object_component id="oc-171">
         <name>.debug_info</name>
         <load_address>0x4dc1</load_address>
         <run_address>0x4dc1</run_address>
         <size>0x17a</size>
         <input_file_ref idref="fl-56"/>
      </object_component>
      <object_component id="oc-353">
         <name>.debug_info</name>
         <load_address>0x4f3b</load_address>
         <run_address>0x4f3b</run_address>
         <size>0x33c</size>
         <input_file_ref idref="fl-57"/>
      </object_component>
      <object_component id="oc-3a1">
         <name>.debug_info</name>
         <load_address>0x5277</load_address>
         <run_address>0x5277</run_address>
         <size>0x29b</size>
         <input_file_ref idref="fl-57"/>
      </object_component>
      <object_component id="oc-349">
         <name>.debug_info</name>
         <load_address>0x5512</load_address>
         <run_address>0x5512</run_address>
         <size>0x28f</size>
         <input_file_ref idref="fl-57"/>
      </object_component>
      <object_component id="oc-34f">
         <name>.debug_info</name>
         <load_address>0x57a1</load_address>
         <run_address>0x57a1</run_address>
         <size>0x22c</size>
         <input_file_ref idref="fl-57"/>
      </object_component>
      <object_component id="oc-2dd">
         <name>.debug_info</name>
         <load_address>0x59cd</load_address>
         <run_address>0x59cd</run_address>
         <size>0x2d4</size>
         <input_file_ref idref="fl-57"/>
      </object_component>
      <object_component id="oc-359">
         <name>.debug_info</name>
         <load_address>0x5ca1</load_address>
         <run_address>0x5ca1</run_address>
         <size>0x86</size>
         <input_file_ref idref="fl-57"/>
      </object_component>
      <object_component id="oc-3ca">
         <name>.debug_info</name>
         <load_address>0x5d27</load_address>
         <run_address>0x5d27</run_address>
         <size>0x39</size>
         <input_file_ref idref="fl-57"/>
      </object_component>
      <object_component id="oc-2e9">
         <name>.debug_info</name>
         <load_address>0x5d60</load_address>
         <run_address>0x5d60</run_address>
         <size>0x126</size>
         <input_file_ref idref="fl-58"/>
      </object_component>
      <object_component id="oc-3c7">
         <name>.debug_info</name>
         <load_address>0x5e86</load_address>
         <run_address>0x5e86</run_address>
         <size>0x121</size>
         <input_file_ref idref="fl-59"/>
      </object_component>
      <object_component id="oc-301">
         <name>.debug_info</name>
         <load_address>0x5fa7</load_address>
         <run_address>0x5fa7</run_address>
         <size>0x126</size>
         <input_file_ref idref="fl-5a"/>
      </object_component>
      <object_component id="oc-2f3">
         <name>.debug_info</name>
         <load_address>0x60cd</load_address>
         <run_address>0x60cd</run_address>
         <size>0x188</size>
         <input_file_ref idref="fl-5d"/>
      </object_component>
      <object_component id="oc-2fc">
         <name>.debug_info</name>
         <load_address>0x6255</load_address>
         <run_address>0x6255</run_address>
         <size>0x188</size>
         <input_file_ref idref="fl-5e"/>
      </object_component>
      <object_component id="oc-3d0">
         <name>.debug_info</name>
         <load_address>0x63dd</load_address>
         <run_address>0x63dd</run_address>
         <size>0x18e</size>
         <input_file_ref idref="fl-60"/>
      </object_component>
      <object_component id="oc-3a5">
         <name>.debug_info</name>
         <load_address>0x656b</load_address>
         <run_address>0x656b</run_address>
         <size>0x1b8</size>
         <input_file_ref idref="fl-60"/>
      </object_component>
      <object_component id="oc-3c3">
         <name>.debug_info</name>
         <load_address>0x6723</load_address>
         <run_address>0x6723</run_address>
         <size>0x177</size>
         <input_file_ref idref="fl-61"/>
      </object_component>
      <object_component id="oc-398">
         <name>.debug_info</name>
         <load_address>0x689a</load_address>
         <run_address>0x689a</run_address>
         <size>0x275</size>
         <input_file_ref idref="fl-61"/>
      </object_component>
      <object_component id="oc-396">
         <name>.debug_info</name>
         <load_address>0x6b0f</load_address>
         <run_address>0x6b0f</run_address>
         <size>0x167</size>
         <input_file_ref idref="fl-62"/>
      </object_component>
      <object_component id="oc-341">
         <name>.debug_info</name>
         <load_address>0x6c76</load_address>
         <run_address>0x6c76</run_address>
         <size>0x230</size>
         <input_file_ref idref="fl-62"/>
      </object_component>
      <object_component id="oc-42d">
         <name>.debug_info</name>
         <load_address>0x6ea6</load_address>
         <run_address>0x6ea6</run_address>
         <size>0x89</size>
      </object_component>
      <object_component id="oc-2cd">
         <name>.debug_line</name>
         <load_address>0x0</load_address>
         <run_address>0x0</run_address>
         <size>0xa8</size>
         <input_file_ref idref="fl-2"/>
      </object_component>
      <object_component id="oc-2c5">
         <name>.debug_line</name>
         <load_address>0xa8</load_address>
         <run_address>0xa8</run_address>
         <size>0x43</size>
         <input_file_ref idref="fl-2"/>
      </object_component>
      <object_component id="oc-240">
         <name>.debug_line</name>
         <load_address>0xeb</load_address>
         <run_address>0xeb</run_address>
         <size>0x49</size>
         <input_file_ref idref="fl-2"/>
      </object_component>
      <object_component id="oc-237">
         <name>.debug_line</name>
         <load_address>0x134</load_address>
         <run_address>0x134</run_address>
         <size>0x49</size>
         <input_file_ref idref="fl-2"/>
      </object_component>
      <object_component id="oc-1e1">
         <name>.debug_line</name>
         <load_address>0x17d</load_address>
         <run_address>0x17d</run_address>
         <size>0x5d</size>
         <input_file_ref idref="fl-2"/>
      </object_component>
      <object_component id="oc-1f2">
         <name>.debug_line</name>
         <load_address>0x1da</load_address>
         <run_address>0x1da</run_address>
         <size>0x46</size>
         <input_file_ref idref="fl-2"/>
      </object_component>
      <object_component id="oc-255">
         <name>.debug_line</name>
         <load_address>0x220</load_address>
         <run_address>0x220</run_address>
         <size>0x52</size>
         <input_file_ref idref="fl-2"/>
      </object_component>
      <object_component id="oc-22d">
         <name>.debug_line</name>
         <load_address>0x272</load_address>
         <run_address>0x272</run_address>
         <size>0x72</size>
         <input_file_ref idref="fl-2"/>
      </object_component>
      <object_component id="oc-16e">
         <name>.debug_line</name>
         <load_address>0x2e4</load_address>
         <run_address>0x2e4</run_address>
         <size>0x20</size>
         <input_file_ref idref="fl-2"/>
      </object_component>
      <object_component id="oc-2c2">
         <name>.debug_line</name>
         <load_address>0x304</load_address>
         <run_address>0x304</run_address>
         <size>0x76</size>
         <input_file_ref idref="fl-2"/>
      </object_component>
      <object_component id="oc-1d1">
         <name>.debug_line</name>
         <load_address>0x37a</load_address>
         <run_address>0x37a</run_address>
         <size>0x6e</size>
         <input_file_ref idref="fl-2"/>
      </object_component>
      <object_component id="oc-357">
         <name>.debug_line</name>
         <load_address>0x3e8</load_address>
         <run_address>0x3e8</run_address>
         <size>0x6e</size>
         <input_file_ref idref="fl-2"/>
      </object_component>
      <object_component id="oc-232">
         <name>.debug_line</name>
         <load_address>0x456</load_address>
         <run_address>0x456</run_address>
         <size>0x77</size>
         <input_file_ref idref="fl-2"/>
      </object_component>
      <object_component id="oc-229">
         <name>.debug_line</name>
         <load_address>0x4cd</load_address>
         <run_address>0x4cd</run_address>
         <size>0x77</size>
         <input_file_ref idref="fl-3"/>
      </object_component>
      <object_component id="oc-235">
         <name>.debug_line</name>
         <load_address>0x544</load_address>
         <run_address>0x544</run_address>
         <size>0x2d</size>
         <input_file_ref idref="fl-3"/>
      </object_component>
      <object_component id="oc-2e4">
         <name>.debug_line</name>
         <load_address>0x571</load_address>
         <run_address>0x571</run_address>
         <size>0x2d</size>
         <input_file_ref idref="fl-3"/>
      </object_component>
      <object_component id="oc-308">
         <name>.debug_line</name>
         <load_address>0x59e</load_address>
         <run_address>0x59e</run_address>
         <size>0x2d</size>
         <input_file_ref idref="fl-3"/>
      </object_component>
      <object_component id="oc-264">
         <name>.debug_line</name>
         <load_address>0x5cb</load_address>
         <run_address>0x5cb</run_address>
         <size>0x45</size>
         <input_file_ref idref="fl-3"/>
      </object_component>
      <object_component id="oc-207">
         <name>.debug_line</name>
         <load_address>0x610</load_address>
         <run_address>0x610</run_address>
         <size>0x73</size>
         <input_file_ref idref="fl-3"/>
      </object_component>
      <object_component id="oc-187">
         <name>.debug_line</name>
         <load_address>0x683</load_address>
         <run_address>0x683</run_address>
         <size>0x5e</size>
         <input_file_ref idref="fl-3"/>
      </object_component>
      <object_component id="oc-35f">
         <name>.debug_line</name>
         <load_address>0x6e1</load_address>
         <run_address>0x6e1</run_address>
         <size>0x2d</size>
         <input_file_ref idref="fl-1e"/>
      </object_component>
      <object_component id="oc-24c">
         <name>.debug_line</name>
         <load_address>0x70e</load_address>
         <run_address>0x70e</run_address>
         <size>0x47</size>
         <input_file_ref idref="fl-1e"/>
      </object_component>
      <object_component id="oc-2d3">
         <name>.debug_line</name>
         <load_address>0x755</load_address>
         <run_address>0x755</run_address>
         <size>0x42</size>
         <input_file_ref idref="fl-1e"/>
      </object_component>
      <object_component id="oc-2d9">
         <name>.debug_line</name>
         <load_address>0x797</load_address>
         <run_address>0x797</run_address>
         <size>0x3d</size>
         <input_file_ref idref="fl-1e"/>
      </object_component>
      <object_component id="oc-3b1">
         <name>.debug_line</name>
         <load_address>0x7d4</load_address>
         <run_address>0x7d4</run_address>
         <size>0x91</size>
         <input_file_ref idref="fl-1e"/>
      </object_component>
      <object_component id="oc-27e">
         <name>.debug_line</name>
         <load_address>0x865</load_address>
         <run_address>0x865</run_address>
         <size>0x5e</size>
         <input_file_ref idref="fl-1f"/>
      </object_component>
      <object_component id="oc-25e">
         <name>.debug_line</name>
         <load_address>0x8c3</load_address>
         <run_address>0x8c3</run_address>
         <size>0x7d</size>
         <input_file_ref idref="fl-20"/>
      </object_component>
      <object_component id="oc-1e8">
         <name>.debug_line</name>
         <load_address>0x940</load_address>
         <run_address>0x940</run_address>
         <size>0x8e</size>
         <input_file_ref idref="fl-21"/>
      </object_component>
      <object_component id="oc-1ea">
         <name>.debug_line</name>
         <load_address>0x9ce</load_address>
         <run_address>0x9ce</run_address>
         <size>0x68</size>
         <input_file_ref idref="fl-22"/>
      </object_component>
      <object_component id="oc-181">
         <name>.debug_line</name>
         <load_address>0xa36</load_address>
         <run_address>0xa36</run_address>
         <size>0x3d</size>
         <input_file_ref idref="fl-41"/>
      </object_component>
      <object_component id="oc-38a">
         <name>.debug_line</name>
         <load_address>0xa73</load_address>
         <run_address>0xa73</run_address>
         <size>0x44</size>
         <input_file_ref idref="fl-42"/>
      </object_component>
      <object_component id="oc-1c5">
         <name>.debug_line</name>
         <load_address>0xab7</load_address>
         <run_address>0xab7</run_address>
         <size>0x2a</size>
         <input_file_ref idref="fl-47"/>
      </object_component>
      <object_component id="oc-19f">
         <name>.debug_line</name>
         <load_address>0xae1</load_address>
         <run_address>0xae1</run_address>
         <size>0x46</size>
         <input_file_ref idref="fl-47"/>
      </object_component>
      <object_component id="oc-37e">
         <name>.debug_line</name>
         <load_address>0xb27</load_address>
         <run_address>0xb27</run_address>
         <size>0xbf</size>
         <input_file_ref idref="fl-48"/>
      </object_component>
      <object_component id="oc-2a5">
         <name>.debug_line</name>
         <load_address>0xbe6</load_address>
         <run_address>0xbe6</run_address>
         <size>0x80</size>
         <input_file_ref idref="fl-48"/>
      </object_component>
      <object_component id="oc-382">
         <name>.debug_line</name>
         <load_address>0xc66</load_address>
         <run_address>0xc66</run_address>
         <size>0x2e</size>
         <input_file_ref idref="fl-48"/>
      </object_component>
      <object_component id="oc-393">
         <name>.debug_line</name>
         <load_address>0xc94</load_address>
         <run_address>0xc94</run_address>
         <size>0x9a</size>
         <input_file_ref idref="fl-48"/>
      </object_component>
      <object_component id="oc-331">
         <name>.debug_line</name>
         <load_address>0xd2e</load_address>
         <run_address>0xd2e</run_address>
         <size>0x97</size>
         <input_file_ref idref="fl-48"/>
      </object_component>
      <object_component id="oc-387">
         <name>.debug_line</name>
         <load_address>0xdc5</load_address>
         <run_address>0xdc5</run_address>
         <size>0x93</size>
         <input_file_ref idref="fl-48"/>
      </object_component>
      <object_component id="oc-24f">
         <name>.debug_line</name>
         <load_address>0xe58</load_address>
         <run_address>0xe58</run_address>
         <size>0x20</size>
         <input_file_ref idref="fl-49"/>
      </object_component>
      <object_component id="oc-18d">
         <name>.debug_line</name>
         <load_address>0xe78</load_address>
         <run_address>0xe78</run_address>
         <size>0x4f</size>
         <input_file_ref idref="fl-49"/>
      </object_component>
      <object_component id="oc-1f9">
         <name>.debug_line</name>
         <load_address>0xec7</load_address>
         <run_address>0xec7</run_address>
         <size>0x34</size>
         <input_file_ref idref="fl-49"/>
      </object_component>
      <object_component id="oc-1fe">
         <name>.debug_line</name>
         <load_address>0xefb</load_address>
         <run_address>0xefb</run_address>
         <size>0x3e</size>
         <input_file_ref idref="fl-4c"/>
      </object_component>
      <object_component id="oc-31e">
         <name>.debug_line</name>
         <load_address>0xf39</load_address>
         <run_address>0xf39</run_address>
         <size>0x3a</size>
         <input_file_ref idref="fl-4d"/>
      </object_component>
      <object_component id="oc-1d4">
         <name>.debug_line</name>
         <load_address>0xf73</load_address>
         <run_address>0xf73</run_address>
         <size>0x20</size>
         <input_file_ref idref="fl-4e"/>
      </object_component>
      <object_component id="oc-5e">
         <name>.debug_line</name>
         <load_address>0xf93</load_address>
         <run_address>0xf93</run_address>
         <size>0x50</size>
         <input_file_ref idref="fl-4e"/>
      </object_component>
      <object_component id="oc-17a">
         <name>.debug_line</name>
         <load_address>0xfe3</load_address>
         <run_address>0xfe3</run_address>
         <size>0x3a</size>
         <input_file_ref idref="fl-4e"/>
      </object_component>
      <object_component id="oc-225">
         <name>.debug_line</name>
         <load_address>0x101d</load_address>
         <run_address>0x101d</run_address>
         <size>0x20</size>
         <input_file_ref idref="fl-4f"/>
      </object_component>
      <object_component id="oc-5b">
         <name>.debug_line</name>
         <load_address>0x103d</load_address>
         <run_address>0x103d</run_address>
         <size>0x99</size>
         <input_file_ref idref="fl-4f"/>
      </object_component>
      <object_component id="oc-169">
         <name>.debug_line</name>
         <load_address>0x10d6</load_address>
         <run_address>0x10d6</run_address>
         <size>0x3a</size>
         <input_file_ref idref="fl-4f"/>
      </object_component>
      <object_component id="oc-222">
         <name>.debug_line</name>
         <load_address>0x1110</load_address>
         <run_address>0x1110</run_address>
         <size>0x9a</size>
         <input_file_ref idref="fl-4f"/>
      </object_component>
      <object_component id="oc-1c9">
         <name>.debug_line</name>
         <load_address>0x11aa</load_address>
         <run_address>0x11aa</run_address>
         <size>0x96</size>
         <input_file_ref idref="fl-4f"/>
      </object_component>
      <object_component id="oc-367">
         <name>.debug_line</name>
         <load_address>0x1240</load_address>
         <run_address>0x1240</run_address>
         <size>0x20</size>
         <input_file_ref idref="fl-50"/>
      </object_component>
      <object_component id="oc-276">
         <name>.debug_line</name>
         <load_address>0x1260</load_address>
         <run_address>0x1260</run_address>
         <size>0x76</size>
         <input_file_ref idref="fl-50"/>
      </object_component>
      <object_component id="oc-2f0">
         <name>.debug_line</name>
         <load_address>0x12d6</load_address>
         <run_address>0x12d6</run_address>
         <size>0x2e</size>
         <input_file_ref idref="fl-50"/>
      </object_component>
      <object_component id="oc-364">
         <name>.debug_line</name>
         <load_address>0x1304</load_address>
         <run_address>0x1304</run_address>
         <size>0x20</size>
         <input_file_ref idref="fl-51"/>
      </object_component>
      <object_component id="oc-270">
         <name>.debug_line</name>
         <load_address>0x1324</load_address>
         <run_address>0x1324</run_address>
         <size>0x17f</size>
         <input_file_ref idref="fl-51"/>
      </object_component>
      <object_component id="oc-269">
         <name>.debug_line</name>
         <load_address>0x14a3</load_address>
         <run_address>0x14a3</run_address>
         <size>0x56</size>
         <input_file_ref idref="fl-52"/>
      </object_component>
      <object_component id="oc-284">
         <name>.debug_line</name>
         <load_address>0x14f9</load_address>
         <run_address>0x14f9</run_address>
         <size>0x3d</size>
         <input_file_ref idref="fl-53"/>
      </object_component>
      <object_component id="oc-227">
         <name>.debug_line</name>
         <load_address>0x1536</load_address>
         <run_address>0x1536</run_address>
         <size>0x20</size>
         <input_file_ref idref="fl-56"/>
      </object_component>
      <object_component id="oc-174">
         <name>.debug_line</name>
         <load_address>0x1556</load_address>
         <run_address>0x1556</run_address>
         <size>0x42</size>
         <input_file_ref idref="fl-56"/>
      </object_component>
      <object_component id="oc-3ad">
         <name>.debug_line</name>
         <load_address>0x1598</load_address>
         <run_address>0x1598</run_address>
         <size>0x92</size>
         <input_file_ref idref="fl-57"/>
      </object_component>
      <object_component id="oc-3a0">
         <name>.debug_line</name>
         <load_address>0x162a</load_address>
         <run_address>0x162a</run_address>
         <size>0xb1</size>
         <input_file_ref idref="fl-57"/>
      </object_component>
      <object_component id="oc-348">
         <name>.debug_line</name>
         <load_address>0x16db</load_address>
         <run_address>0x16db</run_address>
         <size>0x97</size>
         <input_file_ref idref="fl-57"/>
      </object_component>
      <object_component id="oc-34d">
         <name>.debug_line</name>
         <load_address>0x1772</load_address>
         <run_address>0x1772</run_address>
         <size>0x56</size>
         <input_file_ref idref="fl-57"/>
      </object_component>
      <object_component id="oc-2db">
         <name>.debug_line</name>
         <load_address>0x17c8</load_address>
         <run_address>0x17c8</run_address>
         <size>0x84</size>
         <input_file_ref idref="fl-57"/>
      </object_component>
      <object_component id="oc-35c">
         <name>.debug_line</name>
         <load_address>0x184c</load_address>
         <run_address>0x184c</run_address>
         <size>0x92</size>
         <input_file_ref idref="fl-57"/>
      </object_component>
      <object_component id="oc-3cd">
         <name>.debug_line</name>
         <load_address>0x18de</load_address>
         <run_address>0x18de</run_address>
         <size>0x2e</size>
         <input_file_ref idref="fl-57"/>
      </object_component>
      <object_component id="oc-2eb">
         <name>.debug_line</name>
         <load_address>0x190c</load_address>
         <run_address>0x190c</run_address>
         <size>0x56</size>
         <input_file_ref idref="fl-58"/>
      </object_component>
      <object_component id="oc-3c5">
         <name>.debug_line</name>
         <load_address>0x1962</load_address>
         <run_address>0x1962</run_address>
         <size>0x43</size>
         <input_file_ref idref="fl-59"/>
      </object_component>
      <object_component id="oc-304">
         <name>.debug_line</name>
         <load_address>0x19a5</load_address>
         <run_address>0x19a5</run_address>
         <size>0x56</size>
         <input_file_ref idref="fl-5a"/>
      </object_component>
      <object_component id="oc-2f7">
         <name>.debug_line</name>
         <load_address>0x19fb</load_address>
         <run_address>0x19fb</run_address>
         <size>0x53</size>
         <input_file_ref idref="fl-5d"/>
      </object_component>
      <object_component id="oc-2fa">
         <name>.debug_line</name>
         <load_address>0x1a4e</load_address>
         <run_address>0x1a4e</run_address>
         <size>0x53</size>
         <input_file_ref idref="fl-5e"/>
      </object_component>
      <object_component id="oc-3d5">
         <name>.debug_line</name>
         <load_address>0x1aa1</load_address>
         <run_address>0x1aa1</run_address>
         <size>0x20</size>
         <input_file_ref idref="fl-60"/>
      </object_component>
      <object_component id="oc-3a8">
         <name>.debug_line</name>
         <load_address>0x1ac1</load_address>
         <run_address>0x1ac1</run_address>
         <size>0x48</size>
         <input_file_ref idref="fl-60"/>
      </object_component>
      <object_component id="oc-3d2">
         <name>.debug_line</name>
         <load_address>0x1b09</load_address>
         <run_address>0x1b09</run_address>
         <size>0x20</size>
         <input_file_ref idref="fl-61"/>
      </object_component>
      <object_component id="oc-39b">
         <name>.debug_line</name>
         <load_address>0x1b29</load_address>
         <run_address>0x1b29</run_address>
         <size>0xae</size>
         <input_file_ref idref="fl-61"/>
      </object_component>
      <object_component id="oc-3c1">
[...]
         <name>UCB1I2COA</name>
         <value>0x17c</value>
      </symbol>
      <symbol id="sm-cf">
         <name>UCB1I2CSA</name>
         <value>0x17e</value>
      </symbol>
      <symbol id="sm-d0">
         <name>WDTCTL</name>
         <value>0x120</value>
      </symbol>
      <symbol id="sm-d1">
         <name>TLV_CHECKSUM</name>
         <value>0x10c0</value>
      </symbol>
      <symbol id="sm-d2">
         <name>TLV_DCO_30_TAG</name>
         <value>0x10f6</value>
      </symbol>
      <symbol id="sm-d3">
         <name>TLV_DCO_30_LEN</name>
         <value>0x10f7</value>
      </symbol>
      <symbol id="sm-d4">
         <name>TLV_ADC12_1_TAG</name>
         <value>0x10da</value>
      </symbol>
      <symbol id="sm-d5">
         <name>TLV_ADC12_1_LEN</name>
         <value>0x10db</value>
      </symbol>
      <symbol id="sm-d6">
         <name>CALDCO_16MHZ</name>
         <value>0x10f8</value>
      </symbol>
      <symbol id="sm-d7">
         <name>CALBC1_16MHZ</name>
         <value>0x10f9</value>
      </symbol>
      <symbol id="sm-d8">
         <name>CALDCO_12MHZ</name>
         <value>0x10fa</value>
      </symbol>
      <symbol id="sm-d9">
         <name>CALBC1_12MHZ</name>
         <value>0x10fb</value>
      </symbol>
      <symbol id="sm-da">
         <name>CALDCO_8MHZ</name>
         <value>0x10fc</value>
      </symbol>
      <symbol id="sm-db">
         <name>CALBC1_8MHZ</name>
         <value>0x10fd</value>
      </symbol>
      <symbol id="sm-dc">
         <name>CALDCO_1MHZ</name>
         <value>0x10fe</value>
      </symbol>
      <symbol id="sm-dd">
         <name>CALBC1_1MHZ</name>
         <value>0x10ff</value>
      </symbol>
      <symbol id="sm-de">
         <name>__TI_CINIT_Base</name>
         <value>0x2260</value>
      </symbol>
      <symbol id="sm-df">
         <name>__TI_CINIT_Limit</name>
         <value>0x2270</value>
      </symbol>
      <symbol id="sm-e0">
         <name>__TI_Handler_Table_Base</name>
         <value>0x224e</value>
      </symbol>
      <symbol id="sm-e1">
         <name>__TI_Handler_Table_Limit</name>
         <value>0x225a</value>
      </symbol>
      <symbol id="sm-e2">
         <name>__STACK_SIZE</name>
         <value>0x50</value>
      </symbol>
      <symbol id="sm-e3">
         <name>__STACK_END</name>
         <value>0x2100</value>
      </symbol>
      <symbol id="sm-e4">
         <name>__c_args__</name>
         <value>0xffffffff</value>
      </symbol>
      <symbol id="sm-e5">
         <name>__TI_pprof_out_hndl</name>
         <value>0xffffffff</value>
      </symbol>
      <symbol id="sm-e6">
         <name>__TI_prof_data_start</name>
         <value>0xffffffff</value>
      </symbol>
      <symbol id="sm-e7">
         <name>__TI_prof_data_size</name>
         <value>0xffffffff</value>
      </symbol>
      <symbol id="sm-181">
         <name>lcdSetText</name>
         <value>0x10ee8</value>
         <object_component_ref idref="oc-1dd"/>
      </symbol>
      <symbol id="sm-182">
         <name>lcdWriteData</name>
         <value>0x110aa</value>
         <object_component_ref idref="oc-23c"/>
      </symbol>
      <symbol id="sm-183">
         <name>lcdSetInt</name>
         <value>0x111e2</value>
         <object_component_ref idref="oc-1ee"/>
      </symbol>
      <symbol id="sm-184">
         <name>lcdInit</name>
         <value>0x10d1c</value>
         <object_component_ref idref="oc-251"/>
      </symbol>
      <symbol id="sm-185">
         <name>lcdTriggerEN</name>
         <value>0x11312</value>
         <object_component_ref idref="oc-2c4"/>
      </symbol>
      <symbol id="sm-186">
         <name>lcdWriteCmd</name>
         <value>0x11068</value>
         <object_component_ref idref="oc-236"/>
      </symbol>
      <symbol id="sm-1c5">
         <name>OFCount</name>
         <value>0x1128</value>
      </symbol>
      <symbol id="sm-1c6">
         <name>f_range</name>
         <value>0x1124</value>
      </symbol>
      <symbol id="sm-1c7">
         <name>hf_range</name>
         <value>0x1100</value>
         <object_component_ref idref="oc-277"/>
      </symbol>
      <symbol id="sm-1c8">
         <name>initTimer_A</name>
         <value>0x11300</value>
         <object_component_ref idref="oc-25f"/>
      </symbol>
      <symbol id="sm-1c9">
         <name>Timer_A_CCR0_ISR</name>
         <value>0x2100</value>
         <object_component_ref idref="oc-182"/>
      </symbol>
      <symbol id="sm-1ca">
         <name>timervalue</name>
         <value>0x1118</value>
         <object_component_ref idref="oc-1d9"/>
      </symbol>
      <symbol id="sm-1cb">
         <name>__TI_int25</name>
         <value>0xfff2</value>
         <object_component_ref idref="oc-7c"/>
      </symbol>
      <symbol id="sm-1cc">
         <name>main</name>
         <value>0x1085c</value>
         <object_component_ref idref="oc-203"/>
      </symbol>
      <symbol id="sm-1cd">
         <name>p_count</name>
         <value>0x111a</value>
         <object_component_ref idref="oc-1d9"/>
      </symbol>
      <symbol id="sm-1ce">
         <name>a_freq</name>
         <value>0x111c</value>
         <object_component_ref idref="oc-1d9"/>
      </symbol>
      <symbol id="sm-1cf">
         <name>count</name>
         <value>0x1120</value>
         <object_component_ref idref="oc-1d9"/>
      </symbol>
      <symbol id="sm-1d0">
         <name>lf_range</name>
         <value>0x110c</value>
         <object_component_ref idref="oc-257"/>
      </symbol>
      <symbol id="sm-1d1">
         <name>timercase</name>
         <value>0x1122</value>
         <object_component_ref idref="oc-1d9"/>
      </symbol>
      <symbol id="sm-1f2">
         <name>sprintf</name>
         <value>0x11024</value>
         <object_component_ref idref="oc-247"/>
      </symbol>
      <symbol id="sm-202">
         <name>__mspabi_cmpf</name>
         <value>0x10f92</value>
         <object_component_ref idref="oc-27a"/>
      </symbol>
      <symbol id="sm-214">
         <name>__mspabi_divf</name>
         <value>0x10c8c</value>
         <object_component_ref idref="oc-25a"/>
      </symbol>
      <symbol id="sm-22b">
         <name>__mspabi_mpyf</name>
         <value>0x10b22</value>
         <object_component_ref idref="oc-1e4"/>
      </symbol>
      <symbol id="sm-23d">
         <name>__mspabi_fixfi</name>
         <value>0x10e1c</value>
         <object_component_ref idref="oc-1e9"/>
      </symbol>
      <symbol id="sm-240">
         <name>__TI_int00</name>
         <value>0xffc0</value>
         <object_component_ref idref="oc-63"/>
      </symbol>
      <symbol id="sm-243">
         <name>__TI_int01</name>
         <value>0xffc2</value>
         <object_component_ref idref="oc-64"/>
      </symbol>
      <symbol id="sm-246">
         <name>__TI_int02</name>
         <value>0xffc4</value>
         <object_component_ref idref="oc-65"/>
      </symbol>
      <symbol id="sm-249">
         <name>__TI_int03</name>
         <value>0xffc6</value>
         <object_component_ref idref="oc-66"/>
      </symbol>
      <symbol id="sm-24c">
         <name>__TI_int04</name>
         <value>0xffc8</value>
         <object_component_ref idref="oc-67"/>
      </symbol>
      <symbol id="sm-24f">
         <name>__TI_int05</name>
         <value>0xffca</value>
         <object_component_ref idref="oc-68"/>
      </symbol>
      <symbol id="sm-252">
         <name>__TI_int06</name>
         <value>0xffcc</value>
         <object_component_ref idref="oc-69"/>
      </symbol>
      <symbol id="sm-255">
         <name>__TI_int07</name>
         <value>0xffce</value>
         <object_component_ref idref="oc-6a"/>
      </symbol>
      <symbol id="sm-258">
         <name>__TI_int08</name>
         <value>0xffd0</value>
         <object_component_ref idref="oc-6b"/>
      </symbol>
      <symbol id="sm-25b">
         <name>__TI_int09</name>
         <value>0xffd2</value>
         <object_component_ref idref="oc-6c"/>
      </symbol>
      <symbol id="sm-25e">
         <name>__TI_int10</name>
         <value>0xffd4</value>
         <object_component_ref idref="oc-6d"/>
      </symbol>
      <symbol id="sm-261">
         <name>__TI_int11</name>
         <value>0xffd6</value>
         <object_component_ref idref="oc-6e"/>
      </symbol>
      <symbol id="sm-264">
         <name>__TI_int12</name>
         <value>0xffd8</value>
         <object_component_ref idref="oc-6f"/>
      </symbol>
      <symbol id="sm-267">
         <name>__TI_int13</name>
         <value>0xffda</value>
         <object_component_ref idref="oc-70"/>
      </symbol>
      <symbol id="sm-26a">
         <name>__TI_int14</name>
         <value>0xffdc</value>
         <object_component_ref idref="oc-71"/>
      </symbol>
      <symbol id="sm-26d">
         <name>__TI_int15</name>
         <value>0xffde</value>
         <object_component_ref idref="oc-72"/>
      </symbol>
      <symbol id="sm-270">
         <name>__TI_int16</name>
         <value>0xffe0</value>
         <object_component_ref idref="oc-73"/>
      </symbol>
      <symbol id="sm-273">
         <name>__TI_int17</name>
         <value>0xffe2</value>
         <object_component_ref idref="oc-74"/>
      </symbol>
      <symbol id="sm-276">
         <name>__TI_int18</name>
         <value>0xffe4</value>
         <object_component_ref idref="oc-75"/>
      </symbol>
      <symbol id="sm-279">
         <name>__TI_int19</name>
         <value>0xffe6</value>
         <object_component_ref idref="oc-76"/>
      </symbol>
      <symbol id="sm-27c">
         <name>__TI_int20</name>
         <value>0xffe8</value>
         <object_component_ref idref="oc-77"/>
      </symbol>
      <symbol id="sm-27f">
         <name>__TI_int21</name>
         <value>0xffea</value>
         <object_component_ref idref="oc-78"/>
      </symbol>
      <symbol id="sm-282">
         <name>__TI_int22</name>
         <value>0xffec</value>
         <object_component_ref idref="oc-79"/>
      </symbol>
      <symbol id="sm-285">
         <name>__TI_int23</name>
         <value>0xffee</value>
         <object_component_ref idref="oc-7a"/>
      </symbol>
      <symbol id="sm-288">
         <name>__TI_int24</name>
         <value>0xfff0</value>
         <object_component_ref idref="oc-7b"/>
      </symbol>
      <symbol id="sm-28b">
         <name>__TI_int26</name>
         <value>0xfff4</value>
         <object_component_ref idref="oc-7d"/>
      </symbol>
      <symbol id="sm-28e">
         <name>__TI_int27</name>
         <value>0xfff6</value>
         <object_component_ref idref="oc-7e"/>
      </symbol>
      <symbol id="sm-291">
         <name>__TI_int28</name>
         <value>0xfff8</value>
         <object_component_ref idref="oc-7f"/>
      </symbol>
      <symbol id="sm-294">
         <name>__TI_int29</name>
         <value>0xfffa</value>
         <object_component_ref idref="oc-80"/>
      </symbol>
      <symbol id="sm-297">
         <name>__TI_int30</name>
         <value>0xfffc</value>
         <object_component_ref idref="oc-81"/>
      </symbol>
      <symbol id="sm-29f">
         <name>__TI_ISR_TRAP</name>
         <value>0x21ea</value>
         <object_component_ref idref="oc-17d"/>
      </symbol>
      <symbol id="sm-2a7">
         <name>__mspabi_mpyi_hw</name>
         <value>0x11282</value>
         <object_component_ref idref="oc-389"/>
      </symbol>
      <symbol id="sm-2bb">
         <name>_stack</name>
         <value>0x20b0</value>
         <object_component_ref idref="oc-161"/>
      </symbol>
      <symbol id="sm-2bc">
         <name>_c_int00_noargs</name>
         <value>0x21ce</value>
         <object_component_ref idref="oc-19a"/>
      </symbol>
      <symbol id="sm-2bd">
         <name>_reset_vector</name>
         <value>0xfffe</value>
         <object_component_ref idref="oc-164"/>
      </symbol>
      <symbol id="sm-2e0">
         <name>__TI_auto_init_nobinit_nopinit_hold_wdt</name>
         <value>0x10f3e</value>
         <object_component_ref idref="oc-2a4"/>
      </symbol>
      <symbol id="sm-2f3">
         <name>__TI_zero_init_nomemset</name>
         <value>0x1123e</value>
         <object_component_ref idref="oc-188"/>
      </symbol>
      <symbol id="sm-2fe">
         <name>_system_pre_init</name>
         <value>0x11334</value>
         <object_component_ref idref="oc-1fd"/>
      </symbol>
      <symbol id="sm-307">
         <name>_system_post_cinit</name>
         <value>0x11338</value>
         <object_component_ref idref="oc-31c"/>
      </symbol>
      <symbol id="sm-318">
         <name>__TI_decompress_none</name>
         <value>0x112ee</value>
         <object_component_ref idref="oc-5d"/>
      </symbol>
      <symbol id="sm-33b">
         <name>__TI_decompress_lzss</name>
         <value>0x10da6</value>
         <object_component_ref idref="oc-57"/>
      </symbol>
      <symbol id="sm-355">
         <name>__mspabi_cvtdf</name>
         <value>0x10bda</value>
         <object_component_ref idref="oc-271"/>
      </symbol>
      <symbol id="sm-38f">
         <name>__mspabi_addd</name>
         <value>0x10000</value>
         <object_component_ref idref="oc-26b"/>
      </symbol>
      <symbol id="sm-39d">
         <name>__mspabi_cvtfd</name>
         <value>0x10e84</value>
         <object_component_ref idref="oc-265"/>
      </symbol>
      <symbol id="sm-3a7">
         <name>C$$EXIT</name>
         <value>0x1132e</value>
         <object_component_ref idref="oc-280"/>
      </symbol>
      <symbol id="sm-3a8">
         <name>abort</name>
         <value>0x1132e</value>
         <object_component_ref idref="oc-280"/>
      </symbol>
      <symbol id="sm-3b8">
         <name>memcpy</name>
         <value>0x112da</value>
         <object_component_ref idref="oc-170"/>
      </symbol>
      <symbol id="sm-40c">
         <name>__TI_printfi_minimal</name>
         <value>0x1096c</value>
         <object_component_ref idref="oc-2da"/>
      </symbol>
      <symbol id="sm-414">
         <name>__mspabi_sral_15</name>
         <value>0x1112c</value>
         <object_component_ref idref="oc-2e7"/>
      </symbol>
      <symbol id="sm-415">
         <name>__mspabi_sral_14</name>
         <value>0x11130</value>
         <object_component_ref idref="oc-2e7"/>
      </symbol>
      <symbol id="sm-416">
         <name>__mspabi_sral_13</name>
         <value>0x11134</value>
         <object_component_ref idref="oc-2e7"/>
      </symbol>
      <symbol id="sm-417">
         <name>__mspabi_sral_12</name>
         <value>0x11138</value>
         <object_component_ref idref="oc-2e7"/>
      </symbol>
      <symbol id="sm-418">
         <name>__mspabi_sral_11</name>
         <value>0x1113c</value>
         <object_component_ref idref="oc-2e7"/>
      </symbol>
      <symbol id="sm-419">
         <name>__mspabi_sral_10</name>
         <value>0x11140</value>
         <object_component_ref idref="oc-2e7"/>
      </symbol>
      <symbol id="sm-41a">
         <name>__mspabi_sral_8</name>
         <value>0x11148</value>
         <object_component_ref idref="oc-2e7"/>
      </symbol>
      <symbol id="sm-41b">
         <name>__mspabi_sral_9</name>
         <value>0x11144</value>
         <object_component_ref idref="oc-2e7"/>
      </symbol>
      <symbol id="sm-41c">
         <name>__mspabi_sral_6</name>
         <value>0x11150</value>
         <object_component_ref idref="oc-2e7"/>
      </symbol>
      <symbol id="sm-41d">
         <name>__mspabi_sral_7</name>
         <value>0x1114c</value>
         <object_component_ref idref="oc-2e7"/>
      </symbol>
      <symbol id="sm-41e">
         <name>__mspabi_sral_4</name>
         <value>0x11158</value>
         <object_component_ref idref="oc-2e7"/>
      </symbol>
      <symbol id="sm-41f">
         <name>__mspabi_sral_5</name>
         <value>0x11154</value>
         <object_component_ref idref="oc-2e7"/>
      </symbol>
      <symbol id="sm-420">
         <name>__mspabi_sral_2</name>
         <value>0x11160</value>
         <object_component_ref idref="oc-2e7"/>
      </symbol>
      <symbol id="sm-421">
         <name>__mspabi_sral_3</name>
         <value>0x1115c</value>
         <object_component_ref idref="oc-2e7"/>
      </symbol>
      <symbol id="sm-422">
         <name>__mspabi_sral_1</name>
         <value>0x11164</value>
         <object_component_ref idref="oc-2e7"/>
      </symbol>
      <symbol id="sm-42c">
         <name>__mspabi_remu</name>
         <value>0x112b0</value>
         <object_component_ref idref="oc-3c4"/>
      </symbol>
      <symbol id="sm-42d">
         <name>__mspabi_divu</name>
         <value>0x112b0</value>
         <object_component_ref idref="oc-3c4"/>
      </symbol>
      <symbol id="sm-435">
         <name>__mspabi_slll_9</name>
         <value>0x11182</value>
         <object_component_ref idref="oc-300"/>
      </symbol>
      <symbol id="sm-436">
         <name>__mspabi_slll_8</name>
         <value>0x11186</value>
         <object_component_ref idref="oc-300"/>
      </symbol>
      <symbol id="sm-437">
         <name>__mspabi_slll_7</name>
         <value>0x1118a</value>
         <object_component_ref idref="oc-300"/>
      </symbol>
      <symbol id="sm-438">
         <name>__mspabi_slll_6</name>
         <value>0x1118e</value>
         <object_component_ref idref="oc-300"/>
      </symbol>
      <symbol id="sm-439">
         <name>__mspabi_slll_5</name>
         <value>0x11192</value>
         <object_component_ref idref="oc-300"/>
      </symbol>
      <symbol id="sm-43a">
         <name>__mspabi_slll_4</name>
         <value>0x11196</value>
         <object_component_ref idref="oc-300"/>
      </symbol>
      <symbol id="sm-43b">
         <name>__mspabi_slll_3</name>
         <value>0x1119a</value>
         <object_component_ref idref="oc-300"/>
      </symbol>
      <symbol id="sm-43c">
         <name>__mspabi_slll_2</name>
         <value>0x1119e</value>
         <object_component_ref idref="oc-300"/>
      </symbol>
      <symbol id="sm-43d">
         <name>__mspabi_slll_1</name>
         <value>0x111a2</value>
         <object_component_ref idref="oc-300"/>
      </symbol>
      <symbol id="sm-43e">
         <name>__mspabi_slll_15</name>
         <value>0x1116a</value>
         <object_component_ref idref="oc-300"/>
      </symbol>
      <symbol id="sm-43f">
         <name>__mspabi_slll_14</name>
         <value>0x1116e</value>
         <object_component_ref idref="oc-300"/>
      </symbol>
      <symbol id="sm-440">
         <name>__mspabi_slll_13</name>
         <value>0x11172</value>
         <object_component_ref idref="oc-300"/>
      </symbol>
      <symbol id="sm-441">
         <name>__mspabi_slll_12</name>
         <value>0x11176</value>
         <object_component_ref idref="oc-300"/>
      </symbol>
      <symbol id="sm-442">
         <name>__mspabi_slll_11</name>
         <value>0x1117a</value>
         <object_component_ref idref="oc-300"/>
      </symbol>
      <symbol id="sm-443">
         <name>__mspabi_slll_10</name>
         <value>0x1117e</value>
         <object_component_ref idref="oc-300"/>
      </symbol>
      <symbol id="sm-452">
         <name>__mspabi_srall</name>
         <value>0x110ec</value>
         <object_component_ref idref="oc-2f2"/>
      </symbol>
      <symbol id="sm-45f">
         <name>__mspabi_sllll</name>
         <value>0x111a8</value>
         <object_component_ref idref="oc-2f8"/>
      </symbol>
      <symbol id="sm-46f">
         <name>memccpy</name>
         <value>0x11218</value>
         <object_component_ref idref="oc-3a4"/>
      </symbol>
      <symbol id="sm-47d">
         <name>memset</name>
         <value>0x1129a</value>
         <object_component_ref idref="oc-397"/>
      </symbol>
      <symbol id="sm-48a">
         <name>strlen</name>
         <value>0x11320</value>
         <object_component_ref idref="oc-340"/>
      </symbol>
   </symbol_table>
   <title>Link successful</title>
</link_info>
